main.c:79:6:set_speed	40	static
main.c:99:5:main	8	static
main.c:158:6:SystemClock_Config	88	static
main.c:203:13:MX_TIM1_Init	32	static
main.c:249:13:MX_TIM3_Init	56	static
main.c:298:13:MX_TIM4_Init	48	static
main.c:351:13:MX_USART2_UART_Init	8	static
main.c:384:13:MX_GPIO_Init	48	static
main.c:417:6:HAL_GPIO_EXTI_Callback	16	static
main.c:420:6:HAL_UART_TxCpltCallback	16	static
main.c:427:6:HAL_UART_RxCpltCallback	24	static
main.c:466:6:HAL_TIM_PeriodElapsedCallback	32	static
main.c:482:6:Error_Handler	4	static
