main.c:150:7:computePID	24	static
main.c:172:10:millis	16	static
main.c:187:6:getTime	8	static
main.c:198:6:set_speed	40	static
main.c:228:5:main	8	static
main.c:299:6:SystemClock_Config	88	static
main.c:344:13:MX_TIM1_Init	32	static
main.c:390:13:MX_TIM3_Init	56	static
main.c:439:13:MX_TIM4_Init	48	static
main.c:492:13:MX_USART2_UART_Init	8	static
main.c:525:13:MX_GPIO_Init	48	static
main.c:568:6:HAL_GPIO_EXTI_Callback	16	static
main.c:571:6:HAL_UART_TxCpltCallback	16	static
main.c:578:6:HAL_UART_RxCpltCallback	24	static
main.c:617:6:HAL_TIM_PeriodElapsedCallback	32	static
main.c:637:6:Error_Handler	4	static
