Archive member included to satisfy reference by file (symbol)

c:/st/stm32cubeide_1.4.0/stm32cubeide/plugins/com.st.stm32cube.ide.mcu.externaltools.gnu-tools-for-stm32.7-2018-q2-update.win32_1.4.0.202007081208/tools/bin/../lib/gcc/arm-none-eabi/7.3.1/../../../../arm-none-eabi/lib/thumb/v7e-m/fpv4-sp/hard\libstdc++_nano.a(pure.o)
                              Core/Src/mainpp.o (__cxa_pure_virtual)
c:/st/stm32cubeide_1.4.0/stm32cubeide/plugins/com.st.stm32cube.ide.mcu.externaltools.gnu-tools-for-stm32.7-2018-q2-update.win32_1.4.0.202007081208/tools/bin/../lib/gcc/arm-none-eabi/7.3.1/../../../../arm-none-eabi/lib/thumb/v7e-m/fpv4-sp/hard\libstdc++_nano.a(eh_terminate.o)
                              c:/st/stm32cubeide_1.4.0/stm32cubeide/plugins/com.st.stm32cube.ide.mcu.externaltools.gnu-tools-for-stm32.7-2018-q2-update.win32_1.4.0.202007081208/tools/bin/../lib/gcc/arm-none-eabi/7.3.1/../../../../arm-none-eabi/lib/thumb/v7e-m/fpv4-sp/hard\libstdc++_nano.a(pure.o) (std::terminate())
c:/st/stm32cubeide_1.4.0/stm32cubeide/plugins/com.st.stm32cube.ide.mcu.externaltools.gnu-tools-for-stm32.7-2018-q2-update.win32_1.4.0.202007081208/tools/bin/../lib/gcc/arm-none-eabi/7.3.1/../../../../arm-none-eabi/lib/thumb/v7e-m/fpv4-sp/hard\libstdc++_nano.a(eh_unex_handler.o)
                              c:/st/stm32cubeide_1.4.0/stm32cubeide/plugins/com.st.stm32cube.ide.mcu.externaltools.gnu-tools-for-stm32.7-2018-q2-update.win32_1.4.0.202007081208/tools/bin/../lib/gcc/arm-none-eabi/7.3.1/../../../../arm-none-eabi/lib/thumb/v7e-m/fpv4-sp/hard\libstdc++_nano.a(eh_terminate.o) (__cxxabiv1::__unexpected_handler)
c:/st/stm32cubeide_1.4.0/stm32cubeide/plugins/com.st.stm32cube.ide.mcu.externaltools.gnu-tools-for-stm32.7-2018-q2-update.win32_1.4.0.202007081208/tools/bin/../lib/gcc/arm-none-eabi/7.3.1/../../../../arm-none-eabi/lib/thumb/v7e-m/fpv4-sp/hard\libstdc++_nano.a(eh_term_handler.o)
                              c:/st/stm32cubeide_1.4.0/stm32cubeide/plugins/com.st.stm32cube.ide.mcu.externaltools.gnu-tools-for-stm32.7-2018-q2-update.win32_1.4.0.202007081208/tools/bin/../lib/gcc/arm-none-eabi/7.3.1/../../../../arm-none-eabi/lib/thumb/v7e-m/fpv4-sp/hard\libstdc++_nano.a(eh_terminate.o) (__cxxabiv1::__terminate_handler)
c:/st/stm32cubeide_1.4.0/stm32cubeide/plugins/com.st.stm32cube.ide.mcu.externaltools.gnu-tools-for-stm32.7-2018-q2-update.win32_1.4.0.202007081208/tools/bin/../lib/gcc/arm-none-eabi/7.3.1/../../../../arm-none-eabi/lib/thumb/v7e-m/fpv4-sp/hard\libc_nano.a(lib_a-abort.o)
                              c:/st/stm32cubeide_1.4.0/stm32cubeide/plugins/com.st.stm32cube.ide.mcu.externaltools.gnu-tools-for-stm32.7-2018-q2-update.win32_1.4.0.202007081208/tools/bin/../lib/gcc/arm-none-eabi/7.3.1/../../../../arm-none-eabi/lib/thumb/v7e-m/fpv4-sp/hard\libstdc++_nano.a(eh_terminate.o) (abort)
c:/st/stm32cubeide_1.4.0/stm32cubeide/plugins/com.st.stm32cube.ide.mcu.externaltools.gnu-tools-for-stm32.7-2018-q2-update.win32_1.4.0.202007081208/tools/bin/../lib/gcc/arm-none-eabi/7.3.1/../../../../arm-none-eabi/lib/thumb/v7e-m/fpv4-sp/hard\libc_nano.a(lib_a-errno.o)
                              Core/Src/syscalls.o (__errno)
c:/st/stm32cubeide_1.4.0/stm32cubeide/plugins/com.st.stm32cube.ide.mcu.externaltools.gnu-tools-for-stm32.7-2018-q2-update.win32_1.4.0.202007081208/tools/bin/../lib/gcc/arm-none-eabi/7.3.1/../../../../arm-none-eabi/lib/thumb/v7e-m/fpv4-sp/hard\libc_nano.a(lib_a-exit.o)
                              c:/st/stm32cubeide_1.4.0/stm32cubeide/plugins/com.st.stm32cube.ide.mcu.externaltools.gnu-tools-for-stm32.7-2018-q2-update.win32_1.4.0.202007081208/tools/bin/../lib/gcc/arm-none-eabi/7.3.1/../../../../arm-none-eabi/lib/thumb/v7e-m/fpv4-sp/hard/crt0.o (exit)
c:/st/stm32cubeide_1.4.0/stm32cubeide/plugins/com.st.stm32cube.ide.mcu.externaltools.gnu-tools-for-stm32.7-2018-q2-update.win32_1.4.0.202007081208/tools/bin/../lib/gcc/arm-none-eabi/7.3.1/../../../../arm-none-eabi/lib/thumb/v7e-m/fpv4-sp/hard\libc_nano.a(lib_a-impure.o)
                              c:/st/stm32cubeide_1.4.0/stm32cubeide/plugins/com.st.stm32cube.ide.mcu.externaltools.gnu-tools-for-stm32.7-2018-q2-update.win32_1.4.0.202007081208/tools/bin/../lib/gcc/arm-none-eabi/7.3.1/../../../../arm-none-eabi/lib/thumb/v7e-m/fpv4-sp/hard\libc_nano.a(lib_a-exit.o) (_global_impure_ptr)
c:/st/stm32cubeide_1.4.0/stm32cubeide/plugins/com.st.stm32cube.ide.mcu.externaltools.gnu-tools-for-stm32.7-2018-q2-update.win32_1.4.0.202007081208/tools/bin/../lib/gcc/arm-none-eabi/7.3.1/../../../../arm-none-eabi/lib/thumb/v7e-m/fpv4-sp/hard\libc_nano.a(lib_a-init.o)
                              c:/st/stm32cubeide_1.4.0/stm32cubeide/plugins/com.st.stm32cube.ide.mcu.externaltools.gnu-tools-for-stm32.7-2018-q2-update.win32_1.4.0.202007081208/tools/bin/../lib/gcc/arm-none-eabi/7.3.1/../../../../arm-none-eabi/lib/thumb/v7e-m/fpv4-sp/hard/crt0.o (__libc_init_array)
[...]
Memory Configuration

Name             Origin             Length             Attributes
RAM              0x0000000020000000 0x0000000000020000 xrw
FLASH            0x0000000008000000 0x0000000000080000 xr
*default*        0x0000000000000000 0xffffffffffffffff

Linker script and memory map

LOAD c:/st/stm32cubeide_1.4.0/stm32cubeide/plugins/com.st.stm32cube.ide.mcu.externaltools.gnu-tools-for-stm32.7-2018-q2-update.win32_1.4.0.202007081208/tools/bin/../lib/gcc/arm-none-eabi/7.3.1/thumb/v7e-m/fpv4-sp/hard/crti.o
LOAD c:/st/stm32cubeide_1.4.0/stm32cubeide/plugins/com.st.stm32cube.ide.mcu.externaltools.gnu-tools-for-stm32.7-2018-q2-update.win32_1.4.0.202007081208/tools/bin/../lib/gcc/arm-none-eabi/7.3.1/thumb/v7e-m/fpv4-sp/hard/crtbegin.o
LOAD c:/st/stm32cubeide_1.4.0/stm32cubeide/plugins/com.st.stm32cube.ide.mcu.externaltools.gnu-tools-for-stm32.7-2018-q2-update.win32_1.4.0.202007081208/tools/bin/../lib/gcc/arm-none-eabi/7.3.1/../../../../arm-none-eabi/lib/thumb/v7e-m/fpv4-sp/hard/crt0.o
LOAD Core/Inc/duration.o
LOAD Core/Inc/time.o
LOAD Core/Src/main.o
LOAD Core/Src/mainpp.o
LOAD Core/Src/stm32f4xx_hal_msp.o
LOAD Core/Src/stm32f4xx_it.o
LOAD Core/Src/syscalls.o
LOAD Core/Src/sysmem.o
LOAD Core/Src/system_stm32f4xx.o
LOAD Core/Startup/startup_stm32f411retx.o
LOAD Drivers/STM32F4xx_HAL_Driver/Src/stm32f4xx_hal.o
LOAD Drivers/STM32F4xx_HAL_Driver/Src/stm32f4xx_hal_cortex.o
LOAD Drivers/STM32F4xx_HAL_Driver/Src/stm32f4xx_hal_dma.o
LOAD Drivers/STM32F4xx_HAL_Driver/Src/stm32f4xx_hal_dma_ex.o
LOAD Drivers/STM32F4xx_HAL_Driver/Src/stm32f4xx_hal_exti.o
LOAD Drivers/STM32F4xx_HAL_Driver/Src/stm32f4xx_hal_flash.o
LOAD Drivers/STM32F4xx_HAL_Driver/Src/stm32f4xx_hal_flash_ex.o
LOAD Drivers/STM32F4xx_HAL_Driver/Src/stm32f4xx_hal_flash_ramfunc.o
LOAD Drivers/STM32F4xx_HAL_Driver/Src/stm32f4xx_hal_gpio.o
LOAD Drivers/STM32F4xx_HAL_Driver/Src/stm32f4xx_hal_pwr.o
LOAD Drivers/STM32F4xx_HAL_Driver/Src/stm32f4xx_hal_pwr_ex.o
LOAD Drivers/STM32F4xx_HAL_Driver/Src/stm32f4xx_hal_rcc.o
LOAD Drivers/STM32F4xx_HAL_Driver/Src/stm32f4xx_hal_rcc_ex.o
LOAD Drivers/STM32F4xx_HAL_Driver/Src/stm32f4xx_hal_tim.o
LOAD Drivers/STM32F4xx_HAL_Driver/Src/stm32f4xx_hal_tim_ex.o
LOAD Drivers/STM32F4xx_HAL_Driver/Src/stm32f4xx_hal_uart.o
START GROUP
LOAD c:/st/stm32cubeide_1.4.0/stm32cubeide/plugins/com.st.stm32cube.ide.mcu.externaltools.gnu-tools-for-stm32.7-2018-q2-update.win32_1.4.0.202007081208/tools/bin/../lib/gcc/arm-none-eabi/7.3.1/../../../../arm-none-eabi/lib/thumb/v7e-m/fpv4-sp/hard\libstdc++_nano.a
LOAD c:/st/stm32cubeide_1.4.0/stm32cubeide/plugins/com.st.stm32cube.ide.mcu.externaltools.gnu-tools-for-stm32.7-2018-q2-update.win32_1.4.0.202007081208/tools/bin/../lib/gcc/arm-none-eabi/7.3.1/../../../../arm-none-eabi/lib/thumb/v7e-m/fpv4-sp/hard\libsupc++_nano.a
END GROUP
LOAD c:/st/stm32cubeide_1.4.0/stm32cubeide/plugins/com.st.stm32cube.ide.mcu.externaltools.gnu-tools-for-stm32.7-2018-q2-update.win32_1.4.0.202007081208/tools/bin/../lib/gcc/arm-none-eabi/7.3.1/../../../../arm-none-eabi/lib/thumb/v7e-m/fpv4-sp/hard\libstdc++_nano.a
LOAD c:/st/stm32cubeide_1.4.0/stm32cubeide/plugins/com.st.stm32cube.ide.mcu.externaltools.gnu-tools-for-stm32.7-2018-q2-update.win32_1.4.0.202007081208/tools/bin/../lib/gcc/arm-none-eabi/7.3.1/../../../../arm-none-eabi/lib/thumb/v7e-m/fpv4-sp/hard\libm.a
LOAD c:/st/stm32cubeide_1.4.0/stm32cubeide/plugins/com.st.stm32cube.ide.mcu.externaltools.gnu-tools-for-stm32.7-2018-q2-update.win32_1.4.0.202007081208/tools/bin/../lib/gcc/arm-none-eabi/7.3.1/../../../../arm-none-eabi/lib/thumb/v7e-m/fpv4-sp/hard\libc_nano.a
START GROUP
LOAD c:/st/stm32cubeide_1.4.0/stm32cubeide/plugins/com.st.stm32cube.ide.mcu.externaltools.gnu-tools-for-stm32.7-2018-q2-update.win32_1.4.0.202007081208/tools/bin/../lib/gcc/arm-none-eabi/7.3.1/thumb/v7e-m/fpv4-sp/hard\libgcc.a
LOAD c:/st/stm32cubeide_1.4.0/stm32cubeide/plugins/com.st.stm32cube.ide.mcu.externaltools.gnu-tools-for-stm32.7-2018-q2-update.win32_1.4.0.202007081208/tools/bin/../lib/gcc/arm-none-eabi/7.3.1/../../../../arm-none-eabi/lib/thumb/v7e-m/fpv4-sp/hard\libc_nano.a
END GROUP
START GROUP
LOAD c:/st/stm32cubeide_1.4.0/stm32cubeide/plugins/com.st.stm32cube.ide.mcu.externaltools.gnu-tools-for-stm32.7-2018-q2-update.win32_1.4.0.202007081208/tools/bin/../lib/gcc/arm-none-eabi/7.3.1/thumb/v7e-m/fpv4-sp/hard\libgcc.a
LOAD c:/st/stm32cubeide_1.4.0/stm32cubeide/plugins/com.st.stm32cube.ide.mcu.externaltools.gnu-tools-for-stm32.7-2018-q2-update.win32_1.4.0.202007081208/tools/bin/../lib/gcc/arm-none-eabi/7.3.1/../../../../arm-none-eabi/lib/thumb/v7e-m/fpv4-sp/hard\libc_nano.a
END GROUP
LOAD c:/st/stm32cubeide_1.4.0/stm32cubeide/plugins/com.st.stm32cube.ide.mcu.externaltools.gnu-tools-for-stm32.7-2018-q2-update.win32_1.4.0.202007081208/tools/bin/../lib/gcc/arm-none-eabi/7.3.1/thumb/v7e-m/fpv4-sp/hard/crtend.o
LOAD c:/st/stm32cubeide_1.4.0/stm32cubeide/plugins/com.st.stm32cube.ide.mcu.externaltools.gnu-tools-for-stm32.7-2018-q2-update.win32_1.4.0.202007081208/tools/bin/../lib/gcc/arm-none-eabi/7.3.1/thumb/v7e-m/fpv4-sp/hard/crtn.o
                0x0000000020020000                _estack = (ORIGIN (RAM) + LENGTH (RAM))
                0x0000000000000200                _Min_Heap_Size = 0x200
                0x0000000000000400                _Min_Stack_Size = 0x400

.isr_vector     0x0000000008000000      0x198
                0x0000000008000000                . = ALIGN (0x4)
 *(.isr_vector)
 .isr_vector    0x0000000008000000      0x198 Core/Startup/startup_stm32f411retx.o
                0x0000000008000000                g_pfnVectors
                0x0000000008000198                . = ALIGN (0x4)

.text           0x0000000008000198     0x595c
                0x0000000008000198                . = ALIGN (0x4)
 *(.text)
 .text          0x0000000008000198       0x40 c:/st/stm32cubeide_1.4.0/stm32cubeide/plugins/com.st.stm32cube.ide.mcu.externaltools.gnu-tools-for-stm32.7-2018-q2-update.win32_1.4.0.202007081208/tools/bin/../lib/gcc/arm-none-eabi/7.3.1/thumb/v7e-m/fpv4-sp/hard/crtbegin.o
 .text          0x00000000080001d8       0x10 c:/st/stm32cubeide_1.4.0/stm32cubeide/plugins/com.st.stm32cube.ide.mcu.externaltools.gnu-tools-for-stm32.7-2018-q2-update.win32_1.4.0.202007081208/tools/bin/../lib/gcc/arm-none-eabi/7.3.1/../../../../arm-none-eabi/lib/thumb/v7e-m/fpv4-sp/hard\libc_nano.a(lib_a-strlen.o)
                0x00000000080001d8                strlen
 .text          0x00000000080001e8       0x30 c:/st/stm32cubeide_1.4.0/stm32cubeide/plugins/com.st.stm32cube.ide.mcu.externaltools.gnu-tools-for-stm32.7-2018-q2-update.win32_1.4.0.202007081208/tools/bin/../lib/gcc/arm-none-eabi/7.3.1/thumb/v7e-m/fpv4-sp/hard\libgcc.a(_aeabi_uldivmod.o)
                0x00000000080001e8                __aeabi_uldivmod
 .text          0x0000000008000218      0x2cc c:/st/stm32cubeide_1.4.0/stm32cubeide/plugins/com.st.stm32cube.ide.mcu.externaltools.gnu-tools-for-stm32.7-2018-q2-update.win32_1.4.0.202007081208/tools/bin/../lib/gcc/arm-none-eabi/7.3.1/thumb/v7e-m/fpv4-sp/hard\libgcc.a(_udivmoddi4.o)
                0x0000000008000218                __udivmoddi4
 .text          0x00000000080004e4        0x4 c:/st/stm32cubeide_1.4.0/stm32cubeide/plugins/com.st.stm32cube.ide.mcu.externaltools.gnu-tools-for-stm32.7-2018-q2-update.win32_1.4.0.202007081208/tools/bin/../lib/gcc/arm-none-eabi/7.3.1/thumb/v7e-m/fpv4-sp/hard\libgcc.a(_dvmd_tls.o)
                0x00000000080004e4                __aeabi_idiv0
                0x00000000080004e4                __aeabi_ldiv0
 *(.text*)
 .text._ZN3ros16normalizeSecNSecERmS0_
                0x00000000080004e8       0x58 Core/Inc/time.o
                0x00000000080004e8                ros::normalizeSecNSec(unsigned long&, unsigned long&)
 .text.main     0x0000000008000540       0x26 Core/Src/main.o
                0x0000000008000540                main
 *fill*         0x0000000008000566        0x2 
 .text.SystemClock_Config
                0x0000000008000568       0xd4 Core/Src/main.o
                0x0000000008000568                SystemClock_Config
 .text.MX_TIM1_Init
                0x000000000800063c       0xa4 Core/Src/main.o
 .text.MX_TIM3_Init
                0x00000000080006e0       0xa8 Core/Src/main.o
 .text.MX_TIM4_Init
                0x0000000008000788       0xc8 Core/Src/main.o
 .text.MX_USART2_UART_Init
                0x0000000008000850       0x54 Core/Src/main.o
 .text.MX_GPIO_Init
                0x00000000080008a4      0x120 Core/Src/main.o
 .text.Error_Handler
                0x00000000080009c4        0xe Core/Src/main.o
                0x00000000080009c4                Error_Handler
 .text._ZN3ros4TimeC2Ev
                0x00000000080009d2       0x22 Core/Src/mainpp.o
                0x00000000080009d2                ros::Time::Time()
                0x00000000080009d2                ros::Time::Time()
 .text._ZN3ros3MsgC2Ev
                0x00000000080009f4       0x20 Core/Src/mainpp.o
                0x00000000080009f4                ros::Msg::Msg()
                0x00000000080009f4                ros::Msg::Msg()
 .text._ZN8std_msgs4TimeC2Ev
                0x0000000008000a14       0x30 Core/Src/mainpp.o
                0x0000000008000a14                std_msgs::Time::Time()
                0x0000000008000a14                std_msgs::Time::Time()
 .text._ZNK8std_msgs4Time9serializeEPh
                0x0000000008000a44       0xb0 Core/Src/mainpp.o
                0x0000000008000a44                std_msgs::Time::serialize(unsigned char*) const
 .text._ZN8std_msgs4Time11deserializeEPh
                0x0000000008000af4       0xc8 Core/Src/mainpp.o
                0x0000000008000af4                std_msgs::Time::deserialize(unsigned char*)
 .text._ZN8std_msgs4Time7getTypeEv
                0x0000000008000bbc       0x1c Core/Src/mainpp.o
                0x0000000008000bbc                std_msgs::Time::getType()
 .text._ZN8std_msgs4Time6getMD5Ev
                0x0000000008000bd8       0x1c Core/Src/mainpp.o
                0x0000000008000bd8                std_msgs::Time::getMD5()
 .text._ZN14rosserial_msgs9TopicInfoC2Ev
                0x0000000008000bf4       0x48 Core/Src/mainpp.o
                0x0000000008000bf4                rosserial_msgs::TopicInfo::TopicInfo()
                0x0000000008000bf4                rosserial_msgs::TopicInfo::TopicInfo()
 .text._ZNK14rosserial_msgs9TopicInfo9serializeEPh
                0x0000000008000c3c      0x136 Core/Src/mainpp.o
                0x0000000008000c3c                rosserial_msgs::TopicInfo::serialize(unsigned char*) const
 .text._ZN14rosserial_msgs9TopicInfo11deserializeEPh
                0x0000000008000d72      0x1d0 Core/Src/mainpp.o
                0x0000000008000d72                rosserial_msgs::TopicInfo::deserialize(unsigned char*)
 *fill*         0x0000000008000f42        0x2 
 .text._ZN14rosserial_msgs9TopicInfo7getTypeEv
                0x0000000008000f44       0x1c Core/Src/mainpp.o
                0x0000000008000f44                rosserial_msgs::TopicInfo::getType()
 .text._ZN14rosserial_msgs9TopicInfo6getMD5Ev
                0x0000000008000f60       0x1c Core/Src/mainpp.o
                0x0000000008000f60                rosserial_msgs::TopicInfo::getMD5()
 .text._ZN14rosserial_msgs3LogC2Ev
                0x0000000008000f7c       0x34 Core/Src/mainpp.o
                0x0000000008000f7c                rosserial_msgs::Log::Log()
                0x0000000008000f7c                rosserial_msgs::Log::Log()
 .text._ZNK14rosserial_msgs3Log9serializeEPh
                0x0000000008000fb0       0x64 Core/Src/mainpp.o
                0x0000000008000fb0                rosserial_msgs::Log::serialize(unsigned char*) const
 .text._ZN14rosserial_msgs3Log11deserializeEPh
                0x0000000008001014       0x90 Core/Src/mainpp.o
                0x0000000008001014                rosserial_msgs::Log::deserialize(unsigned char*)
 .text._ZN14rosserial_msgs3Log7getTypeEv
                0x00000000080010a4       0x1c Core/Src/mainpp.o
                0x00000000080010a4                rosserial_msgs::Log::getType()
 .text._ZN14rosserial_msgs3Log6getMD5Ev
                0x00000000080010c0       0x1c Core/Src/mainpp.o
                0x00000000080010c0                rosserial_msgs::Log::getMD5()
 .text._ZN14rosserial_msgs20RequestParamResponseC2Ev
                0x00000000080010dc       0x48 Core/Src/mainpp.o
                0x00000000080010dc                rosserial_msgs::RequestParamResponse::RequestParamResponse()
                0x00000000080010dc                rosserial_msgs::RequestParamResponse::RequestParamResponse()
 .text._ZNK14rosserial_msgs20RequestParamResponse9serializeEPh
                0x0000000008001124      0x222 Core/Src/mainpp.o
                0x0000000008001124                rosserial_msgs::RequestParamResponse::serialize(unsigned char*) const
 .text._ZN14rosserial_msgs20RequestParamResponse11deserializeEPh
                0x0000000008001346      0x2e2 Core/Src/mainpp.o
                0x0000000008001346                rosserial_msgs::RequestParamResponse::deserialize(unsigned char*)
 .text._ZN14rosserial_msgs20RequestParamResponse7getTypeEv
                0x0000000008001628       0x1c Core/Src/mainpp.o
                0x0000000008001628                rosserial_msgs::RequestParamResponse::getType()
 .text._ZN14rosserial_msgs20RequestParamResponse6getMD5Ev
                0x0000000008001644       0x1c Core/Src/mainpp.o
                0x0000000008001644                rosserial_msgs::RequestParamResponse::getMD5()
 .text._ZN3ros9PublisherC2EPKcPNS_3MsgEi
                0x0000000008001660       0x2e Core/Src/mainpp.o
                0x0000000008001660                ros::Publisher::Publisher(char const*, ros::Msg*, int)
                0x0000000008001660                ros::Publisher::Publisher(char const*, ros::Msg*, int)
 .text._ZN3ros9Publisher15getEndpointTypeEv
                0x000000000800168e       0x18 Core/Src/mainpp.o
                0x000000000800168e                ros::Publisher::getEndpointType()
 .text._ZN13STM32Hardware10getRdmaIndEv
                0x00000000080016a6       0x24 Core/Src/mainpp.o
                0x00000000080016a6                STM32Hardware::getRdmaInd()
 *fill*         0x00000000080016ca        0x2 
 .text._ZN13STM32HardwareC2Ev
                0x00000000080016cc       0x38 Core/Src/mainpp.o
                0x00000000080016cc                STM32Hardware::STM32Hardware()
                0x00000000080016cc                STM32Hardware::STM32Hardware()
 .text._ZN13STM32Hardware4initEv
                0x0000000008001704       0x16 Core/Src/mainpp.o
                0x0000000008001704                STM32Hardware::init()
 .text._ZN13STM32Hardware10reset_rbufEv
                0x000000000800171a       0x22 Core/Src/mainpp.o
                0x000000000800171a                STM32Hardware::reset_rbuf()
 .text._ZN13STM32Hardware4readEv
                0x000000000800173c       0x5a Core/Src/mainpp.o
                0x000000000800173c                STM32Hardware::read()
 *fill*         0x0000000008001796        0x2 
 .text._ZN13STM32Hardware5flushEv
                0x0000000008001798       0xbc Core/Src/mainpp.o
                0x0000000008001798                STM32Hardware::flush()
 .text._ZN13STM32Hardware5writeEPhi
                0x0000000008001854       0x8c Core/Src/mainpp.o
                0x0000000008001854                STM32Hardware::write(unsigned char*, int)
 .text._ZN13STM32Hardware4timeEv
                0x00000000080018e0       0x16 Core/Src/mainpp.o
                0x00000000080018e0                STM32Hardware::time()
 *fill*         0x00000000080018f6        0x2 
 .text._ZN8std_msgs6StringC2Ev
                0x00000000080018f8       0x30 Core/Src/mainpp.o
                0x00000000080018f8                std_msgs::String::String()
                0x00000000080018f8                std_msgs::String::String()
 .text._ZNK8std_msgs6String9serializeEPh
                0x0000000008001928       0x52 Core/Src/mainpp.o
                0x0000000008001928                std_msgs::String::serialize(unsigned char*) const
 .text._ZN8std_msgs6String11deserializeEPh
                0x000000000800197a       0x7e Core/Src/mainpp.o
                0x000000000800197a                std_msgs::String::deserialize(unsigned char*)
 .text._ZN8std_msgs6String7getTypeEv
                0x00000000080019f8       0x1c Core/Src/mainpp.o
                0x00000000080019f8                std_msgs::String::getType()
 .text._ZN8std_msgs6String6getMD5Ev
                0x0000000008001a14       0x1c Core/Src/mainpp.o
                0x0000000008001a14                std_msgs::String::getMD5()
 .text.HAL_UART_TxCpltCallback
                0x0000000008001a30       0x24 Core/Src/mainpp.o
                0x0000000008001a30                HAL_UART_TxCpltCallback
 .text.HAL_UART_RxCpltCallback
                0x0000000008001a54       0x24 Core/Src/mainpp.o
                0x0000000008001a54                HAL_UART_RxCpltCallback
 .text.setup    0x0000000008001a78       0x20 Core/Src/mainpp.o
                0x0000000008001a78                setup
 .text._ZN3ros3Msg8varToArrIPhmEEvT_T0_
                0x0000000008001a98       0x3c Core/Src/mainpp.o
                0x0000000008001a98                void ros::Msg::varToArr<unsigned char*, unsigned long>(unsigned char*, unsigned long)
 .text._ZN3ros3Msg8arrToVarImPhEEvRT_T0_
                0x0000000008001ad4       0x4a Core/Src/mainpp.o
                0x0000000008001ad4                void ros::Msg::arrToVar<unsigned long, unsigned char*>(unsigned long&, unsigned char*)
 *fill*         0x0000000008001b1e        0x2 
 .text._ZN3ros15NodeHandleBase_C2Ev
                0x0000000008001b20       0x20 Core/Src/mainpp.o
                0x0000000008001b20                ros::NodeHandleBase_::NodeHandleBase_()
                0x0000000008001b20                ros::NodeHandleBase_::NodeHandleBase_()
 .text._ZN3ros11NodeHandle_I13STM32HardwareLi25ELi25ELi512ELi512EEC2Ev
                0x0000000008001b40      0x100 Core/Src/mainpp.o
                0x0000000008001b40                ros::NodeHandle_<STM32Hardware, 25, 25, 512, 512>::NodeHandle_()
                0x0000000008001b40                ros::NodeHandle_<STM32Hardware, 25, 25, 512, 512>::NodeHandle_()
 .text._ZN3ros11NodeHandle_I13STM32HardwareLi25ELi25ELi512ELi512EE11getHardwareEv
                0x0000000008001c40       0x18 Core/Src/mainpp.o
                0x0000000008001c40                ros::NodeHandle_<STM32Hardware, 25, 25, 512, 512>::getHardware()
 .text._ZN3ros11NodeHandle_I13STM32HardwareLi25ELi25ELi512ELi512EE8initNodeEv
                0x0000000008001c58       0x3a Core/Src/mainpp.o
                0x0000000008001c58                ros::NodeHandle_<STM32Hardware, 25, 25, 512, 512>::initNode()
 .text._ZN3ros11NodeHandle_I13STM32HardwareLi25ELi25ELi512ELi512EE9advertiseERNS_9PublisherE
                0x0000000008001c92       0x60 Core/Src/mainpp.o
                0x0000000008001c92                ros::NodeHandle_<STM32Hardware, 25, 25, 512, 512>::advertise(ros::Publisher&)
 .text._ZN3ros11NodeHandle_I13STM32HardwareLi25ELi25ELi512ELi512EE8spinOnceEv
                0x0000000008001cf2      0x3b8 Core/Src/mainpp.o
                0x0000000008001cf2                ros::NodeHandle_<STM32Hardware, 25, 25, 512, 512>::spinOnce()
 .text._ZN3ros11NodeHandle_I13STM32HardwareLi25ELi25ELi512ELi512EE15requestSyncTimeEv
                0x00000000080020aa       0x3c Core/Src/mainpp.o
                0x00000000080020aa                ros::NodeHandle_<STM32Hardware, 25, 25, 512, 512>::requestSyncTime()
 .text._ZN3ros11NodeHandle_I13STM32HardwareLi25ELi25ELi512ELi512EE15negotiateTopicsEv
                0x00000000080020e6      0x1be Core/Src/mainpp.o
                0x00000000080020e6                ros::NodeHandle_<STM32Hardware, 25, 25, 512, 512>::negotiateTopics()
 .text._ZN3ros11NodeHandle_I13STM32HardwareLi25ELi25ELi512ELi512EE8syncTimeEPh
                0x00000000080022a4       0x98 Core/Src/mainpp.o
                0x00000000080022a4                ros::NodeHandle_<STM32Hardware, 25, 25, 512, 512>::syncTime(unsigned char*)
 .text._ZN3ros11NodeHandle_I13STM32HardwareLi25ELi25ELi512ELi512EE7publishEiPKNS_3MsgE
                0x000000000800233c      0x124 Core/Src/mainpp.o
                0x000000000800233c                ros::NodeHandle_<STM32Hardware, 25, 25, 512, 512>::publish(int, ros::Msg const*)
 .text._ZN3ros11NodeHandle_I13STM32HardwareLi25ELi25ELi512ELi512EE6setNowERNS_4TimeE
                0x0000000008002460       0x80 Core/Src/mainpp.o
                0x0000000008002460                ros::NodeHandle_<STM32Hardware, 25, 25, 512, 512>::setNow(ros::Time&)
 .text._ZN3ros11NodeHandle_I13STM32HardwareLi25ELi25ELi512ELi512EE8logerrorEPKc
                0x00000000080024e0       0x1c Core/Src/mainpp.o
                0x00000000080024e0                ros::NodeHandle_<STM32Hardware, 25, 25, 512, 512>::logerror(char const*)
 .text._ZN3ros11NodeHandle_I13STM32HardwareLi25ELi25ELi512ELi512EE3logEcPKc
                0x00000000080024fc       0x38 Core/Src/mainpp.o
                0x00000000080024fc                ros::NodeHandle_<STM32Hardware, 25, 25, 512, 512>::log(char, char const*)
 .text._Z41__static_initialization_and_destruction_0ii
                0x0000000008002534       0x4c Core/Src/mainpp.o
 .text._ZN3ros11NodeHandle_I13STM32HardwareLi25ELi25ELi512ELi512EE9connectedEv
                0x0000000008002580       0x1a Core/Src/mainpp.o
                0x0000000008002580                ros::NodeHandle_<STM32Hardware, 25, 25, 512, 512>::connected()
 .text._GLOBAL__sub_I_htim1
                0x000000000800259a       0x10 Core/Src/mainpp.o
 *fill*         0x00000000080025aa        0x2 
 .text.HAL_MspInit
                0x00000000080025ac       0x50 Core/Src/stm32f4xx_hal_msp.o
                0x00000000080025ac                HAL_MspInit
 .text.HAL_TIM_Base_MspInit
                0x00000000080025fc       0x50 Core/Src/stm32f4xx_hal_msp.o
                0x00000000080025fc                HAL_TIM_Base_MspInit
 .text.HAL_TIM_Encoder_MspInit
                0x000000000800264c       0x90 Core/Src/stm32f4xx_hal_msp.o
                0x000000000800264c                HAL_TIM_Encoder_MspInit
 .text.HAL_TIM_PWM_MspInit
                0x00000000080026dc       0x44 Core/Src/stm32f4xx_hal_msp.o
                0x00000000080026dc                HAL_TIM_PWM_MspInit
 .text.HAL_TIM_MspPostInit
                0x0000000008002720       0x74 Core/Src/stm32f4xx_hal_msp.o
                0x0000000008002720                HAL_TIM_MspPostInit
 .text.HAL_UART_MspInit
                0x0000000008002794       0xa0 Core/Src/stm32f4xx_hal_msp.o
                0x0000000008002794                HAL_UART_MspInit
 .text.NMI_Handler
                0x0000000008002834        0xe Core/Src/stm32f4xx_it.o
                0x0000000008002834                NMI_Handler
 .text.HardFault_Handler
                0x0000000008002842        0x6 Core/Src/stm32f4xx_it.o
                0x0000000008002842                HardFault_Handler
 .text.MemManage_Handler
                0x0000000008002848        0x6 Core/Src/stm32f4xx_it.o
                0x0000000008002848                MemManage_Handler
 .text.BusFault_Handler
                0x000000000800284e        0x6 Core/Src/stm32f4xx_it.o
                0x000000000800284e                BusFault_Handler
 .text.UsageFault_Handler
                0x0000000008002854        0x6 Core/Src/stm32f4xx_it.o
                0x0000000008002854                UsageFault_Handler
 .text.SVC_Handler
                0x000000000800285a        0xe Core/Src/stm32f4xx_it.o
                0x000000000800285a                SVC_Handler
 .text.DebugMon_Handler
                0x0000000008002868        0xe Core/Src/stm32f4xx_it.o
                0x0000000008002868                DebugMon_Handler
 .text.PendSV_Handler
                0x0000000008002876        0xe Core/Src/stm32f4xx_it.o
                0x0000000008002876                PendSV_Handler
 .text.SysTick_Handler
                0x0000000008002884        0xc Core/Src/stm32f4xx_it.o
                0x0000000008002884                SysTick_Handler
 .text.TIM1_UP_TIM10_IRQHandler
                0x0000000008002890       0x14 Core/Src/stm32f4xx_it.o
                0x0000000008002890                TIM1_UP_TIM10_IRQHandler
 .text.USART2_IRQHandler
                0x00000000080028a4       0x14 Core/Src/stm32f4xx_it.o
                0x00000000080028a4                USART2_IRQHandler
 .text.EXTI15_10_IRQHandler
                0x00000000080028b8       0x10 Core/Src/stm32f4xx_it.o
                0x00000000080028b8                EXTI15_10_IRQHandler
 .text._getpid  0x00000000080028c8       0x10 Core/Src/syscalls.o
                0x00000000080028c8                _getpid
 .text._kill    0x00000000080028d8       0x20 Core/Src/syscalls.o
                0x00000000080028d8                _kill
 .text._exit    0x00000000080028f8       0x14 Core/Src/syscalls.o
                0x00000000080028f8                _exit
 .text._sbrk    0x000000000800290c       0x6c Core/Src/sysmem.o
                0x000000000800290c                _sbrk
 .text.SystemInit
                0x0000000008002978       0x2c Core/Src/system_stm32f4xx.o
                0x0000000008002978                SystemInit
 .text.Reset_Handler
                0x00000000080029a4       0x50 Core/Startup/startup_stm32f411retx.o
                0x00000000080029a4                Reset_Handler
 .text.Default_Handler
                0x00000000080029f4        0x2 Core/Startup/startup_stm32f411retx.o
                0x00000000080029f4                RTC_Alarm_IRQHandler
                0x00000000080029f4                EXTI2_IRQHandler
                0x00000000080029f4                SPI4_IRQHandler
                0x00000000080029f4                TIM1_CC_IRQHandler
                0x00000000080029f4                DMA2_Stream5_IRQHandler
                0x00000000080029f4                DMA1_Stream5_IRQHandler
                0x00000000080029f4                PVD_IRQHandler
                0x00000000080029f4                SDIO_IRQHandler
                0x00000000080029f4                TAMP_STAMP_IRQHandler
                0x00000000080029f4                EXTI3_IRQHandler
                0x00000000080029f4                I2C3_ER_IRQHandler
                0x00000000080029f4                EXTI0_IRQHandler
                0x00000000080029f4                I2C2_EV_IRQHandler
                0x00000000080029f4                DMA1_Stream2_IRQHandler
                0x00000000080029f4                FPU_IRQHandler
                0x00000000080029f4                DMA2_Stream2_IRQHandler
                0x00000000080029f4                SPI1_IRQHandler
                0x00000000080029f4                TIM1_BRK_TIM9_IRQHandler
                0x00000000080029f4                DMA2_Stream3_IRQHandler
                0x00000000080029f4                USART6_IRQHandler
                0x00000000080029f4                DMA2_Stream0_IRQHandler
                0x00000000080029f4                TIM4_IRQHandler
                0x00000000080029f4                I2C1_EV_IRQHandler
                0x00000000080029f4                DMA1_Stream6_IRQHandler
                0x00000000080029f4                DMA1_Stream1_IRQHandler
                0x00000000080029f4                TIM3_IRQHandler
                0x00000000080029f4                RCC_IRQHandler
                0x00000000080029f4                Default_Handler
                0x00000000080029f4                ADC_IRQHandler
                0x00000000080029f4                DMA1_Stream7_IRQHandler
                0x00000000080029f4                SPI5_IRQHandler
                0x00000000080029f4                TIM5_IRQHandler
                0x00000000080029f4                DMA2_Stream7_IRQHandler
                0x00000000080029f4                I2C3_EV_IRQHandler
                0x00000000080029f4                EXTI9_5_IRQHandler
                0x00000000080029f4                RTC_WKUP_IRQHandler
                0x00000000080029f4                SPI2_IRQHandler
                0x00000000080029f4                DMA1_Stream0_IRQHandler
                0x00000000080029f4                EXTI4_IRQHandler
                0x00000000080029f4                WWDG_IRQHandler
                0x00000000080029f4                TIM2_IRQHandler
                0x00000000080029f4                OTG_FS_WKUP_IRQHandler
                0x00000000080029f4                TIM1_TRG_COM_TIM11_IRQHandler
                0x00000000080029f4                EXTI1_IRQHandler
                0x00000000080029f4                I2C2_ER_IRQHandler
                0x00000000080029f4                DMA2_Stream1_IRQHandler
                0x00000000080029f4                FLASH_IRQHandler
                0x00000000080029f4                DMA2_Stream4_IRQHandler
                0x00000000080029f4                USART1_IRQHandler
                0x00000000080029f4                OTG_FS_IRQHandler
                0x00000000080029f4                SPI3_IRQHandler
                0x00000000080029f4                DMA1_Stream4_IRQHandler
                0x00000000080029f4                I2C1_ER_IRQHandler
                0x00000000080029f4                DMA2_Stream6_IRQHandler
                0x00000000080029f4                DMA1_Stream3_IRQHandler
 *fill*         0x00000000080029f6        0x2 
 .text.HAL_Init
                0x00000000080029f8       0x44 Drivers/STM32F4xx_HAL_Driver/Src/stm32f4xx_hal.o
                0x00000000080029f8                HAL_Init
 .text.HAL_InitTick
                0x0000000008002a3c       0x60 Drivers/STM32F4xx_HAL_Driver/Src/stm32f4xx_hal.o
                0x0000000008002a3c                HAL_InitTick
 .text.HAL_IncTick
                0x0000000008002a9c       0x28 Drivers/STM32F4xx_HAL_Driver/Src/stm32f4xx_hal.o
                0x0000000008002a9c                HAL_IncTick
 .text.HAL_GetTick
                0x0000000008002ac4       0x18 Drivers/STM32F4xx_HAL_Driver/Src/stm32f4xx_hal.o
                0x0000000008002ac4                HAL_GetTick
 .text.__NVIC_SetPriorityGrouping
                0x0000000008002adc       0x48 Drivers/STM32F4xx_HAL_Driver/Src/stm32f4xx_hal_cortex.o
 .text.__NVIC_GetPriorityGrouping
                0x0000000008002b24       0x1c Drivers/STM32F4xx_HAL_Driver/Src/stm32f4xx_hal_cortex.o
 .text.__NVIC_EnableIRQ
                0x0000000008002b40       0x3c Drivers/STM32F4xx_HAL_Driver/Src/stm32f4xx_hal_cortex.o
 .text.__NVIC_SetPriority
                0x0000000008002b7c       0x54 Drivers/STM32F4xx_HAL_Driver/Src/stm32f4xx_hal_cortex.o
 .text.NVIC_EncodePriority
                0x0000000008002bd0       0x66 Drivers/STM32F4xx_HAL_Driver/Src/stm32f4xx_hal_cortex.o
 *fill*         0x0000000008002c36        0x2 
 .text.SysTick_Config
                0x0000000008002c38       0x44 Drivers/STM32F4xx_HAL_Driver/Src/stm32f4xx_hal_cortex.o
 .text.HAL_NVIC_SetPriorityGrouping
                0x0000000008002c7c       0x16 Drivers/STM32F4xx_HAL_Driver/Src/stm32f4xx_hal_cortex.o
                0x0000000008002c7c                HAL_NVIC_SetPriorityGrouping
 .text.HAL_NVIC_SetPriority
                0x0000000008002c92       0x38 Drivers/STM32F4xx_HAL_Driver/Src/stm32f4xx_hal_cortex.o
                0x0000000008002c92                HAL_NVIC_SetPriority
 .text.HAL_NVIC_EnableIRQ
                0x0000000008002cca       0x1c Drivers/STM32F4xx_HAL_Driver/Src/stm32f4xx_hal_cortex.o
                0x0000000008002cca                HAL_NVIC_EnableIRQ
 .text.HAL_SYSTICK_Config
                0x0000000008002ce6       0x18 Drivers/STM32F4xx_HAL_Driver/Src/stm32f4xx_hal_cortex.o
                0x0000000008002ce6                HAL_SYSTICK_Config
 .text.HAL_DMA_Start_IT
                0x0000000008002cfe       0xb0 Drivers/STM32F4xx_HAL_Driver/Src/stm32f4xx_hal_dma.o
                0x0000000008002cfe                HAL_DMA_Start_IT
 .text.HAL_DMA_Abort_IT
                0x0000000008002dae       0x44 Drivers/STM32F4xx_HAL_Driver/Src/stm32f4xx_hal_dma.o
                0x0000000008002dae                HAL_DMA_Abort_IT
 .text.DMA_SetConfig
                0x0000000008002df2       0x5c Drivers/STM32F4xx_HAL_Driver/Src/stm32f4xx_hal_dma.o
 *fill*         0x0000000008002e4e        0x2 
 .text.HAL_GPIO_Init
                0x0000000008002e50      0x304 Drivers/STM32F4xx_HAL_Driver/Src/stm32f4xx_hal_gpio.o
                0x0000000008002e50                HAL_GPIO_Init
 .text.HAL_GPIO_WritePin
                0x0000000008003154       0x32 Drivers/STM32F4xx_HAL_Driver/Src/stm32f4xx_hal_gpio.o
                0x0000000008003154                HAL_GPIO_WritePin
 *fill*         0x0000000008003186        0x2 
 .text.HAL_GPIO_EXTI_IRQHandler
                0x0000000008003188       0x30 Drivers/STM32F4xx_HAL_Driver/Src/stm32f4xx_hal_gpio.o
                0x0000000008003188                HAL_GPIO_EXTI_IRQHandler
 .text.HAL_GPIO_EXTI_Callback
                0x00000000080031b8       0x16 Drivers/STM32F4xx_HAL_Driver/Src/stm32f4xx_hal_gpio.o
                0x00000000080031b8                HAL_GPIO_EXTI_Callback
 *fill*         0x00000000080031ce        0x2 
 .text.HAL_RCC_OscConfig
                0x00000000080031d0      0x4e0 Drivers/STM32F4xx_HAL_Driver/Src/stm32f4xx_hal_rcc.o
                0x00000000080031d0                HAL_RCC_OscConfig
 .text.HAL_RCC_ClockConfig
                0x00000000080036b0      0x1cc Drivers/STM32F4xx_HAL_Driver/Src/stm32f4xx_hal_rcc.o
                0x00000000080036b0                HAL_RCC_ClockConfig
 .text.HAL_RCC_GetSysClockFreq
                0x000000000800387c      0x1b0 Drivers/STM32F4xx_HAL_Driver/Src/stm32f4xx_hal_rcc.o
                0x000000000800387c                HAL_RCC_GetSysClockFreq
 .text.HAL_RCC_GetHCLKFreq
                0x0000000008003a2c       0x18 Drivers/STM32F4xx_HAL_Driver/Src/stm32f4xx_hal_rcc.o
                0x0000000008003a2c                HAL_RCC_GetHCLKFreq
 .text.HAL_RCC_GetPCLK1Freq
                0x0000000008003a44       0x28 Drivers/STM32F4xx_HAL_Driver/Src/stm32f4xx_hal_rcc.o
                0x0000000008003a44                HAL_RCC_GetPCLK1Freq
 .text.HAL_RCC_GetPCLK2Freq
                0x0000000008003a6c       0x28 Drivers/STM32F4xx_HAL_Driver/Src/stm32f4xx_hal_rcc.o
                0x0000000008003a6c                HAL_RCC_GetPCLK2Freq
 .text.HAL_TIM_Base_Init
                0x0000000008003a94       0x56 Drivers/STM32F4xx_HAL_Driver/Src/stm32f4xx_hal_tim.o
                0x0000000008003a94                HAL_TIM_Base_Init
 .text.HAL_TIM_PWM_Init
                0x0000000008003aea       0x56 Drivers/STM32F4xx_HAL_Driver/Src/stm32f4xx_hal_tim.o
                0x0000000008003aea                HAL_TIM_PWM_Init
 .text.HAL_TIM_Encoder_Init
                0x0000000008003b40      0x124 Drivers/STM32F4xx_HAL_Driver/Src/stm32f4xx_hal_tim.o
                0x0000000008003b40                HAL_TIM_Encoder_Init
 .text.HAL_TIM_IRQHandler
                0x0000000008003c64      0x210 Drivers/STM32F4xx_HAL_Driver/Src/stm32f4xx_hal_tim.o
                0x0000000008003c64                HAL_TIM_IRQHandler
 .text.HAL_TIM_PWM_ConfigChannel
                0x0000000008003e74      0x18c Drivers/STM32F4xx_HAL_Driver/Src/stm32f4xx_hal_tim.o
                0x0000000008003e74                HAL_TIM_PWM_ConfigChannel
 .text.HAL_TIM_ConfigClockSource
                0x0000000008004000      0x16e Drivers/STM32F4xx_HAL_Driver/Src/stm32f4xx_hal_tim.o
                0x0000000008004000                HAL_TIM_ConfigClockSource
 .text.HAL_TIM_PeriodElapsedCallback
                0x000000000800416e       0x14 Drivers/STM32F4xx_HAL_Driver/Src/stm32f4xx_hal_tim.o
                0x000000000800416e                HAL_TIM_PeriodElapsedCallback
 .text.HAL_TIM_OC_DelayElapsedCallback
                0x0000000008004182       0x14 Drivers/STM32F4xx_HAL_Driver/Src/stm32f4xx_hal_tim.o
                0x0000000008004182                HAL_TIM_OC_DelayElapsedCallback
 .text.HAL_TIM_IC_CaptureCallback
                0x0000000008004196       0x14 Drivers/STM32F4xx_HAL_Driver/Src/stm32f4xx_hal_tim.o
                0x0000000008004196                HAL_TIM_IC_CaptureCallback
 .text.HAL_TIM_PWM_PulseFinishedCallback
                0x00000000080041aa       0x14 Drivers/STM32F4xx_HAL_Driver/Src/stm32f4xx_hal_tim.o
                0x00000000080041aa                HAL_TIM_PWM_PulseFinishedCallback
 .text.HAL_TIM_TriggerCallback
                0x00000000080041be       0x14 Drivers/STM32F4xx_HAL_Driver/Src/stm32f4xx_hal_tim.o
                0x00000000080041be                HAL_TIM_TriggerCallback
 *fill*         0x00000000080041d2        0x2 
 .text.TIM_Base_SetConfig
                0x00000000080041d4      0x100 Drivers/STM32F4xx_HAL_Driver/Src/stm32f4xx_hal_tim.o
                0x00000000080041d4                TIM_Base_SetConfig
 .text.TIM_OC1_SetConfig
                0x00000000080042d4       0xcc Drivers/STM32F4xx_HAL_Driver/Src/stm32f4xx_hal_tim.o
 .text.TIM_OC2_SetConfig
                0x00000000080043a0       0xd8 Drivers/STM32F4xx_HAL_Driver/Src/stm32f4xx_hal_tim.o
                0x00000000080043a0                TIM_OC2_SetConfig
 .text.TIM_OC3_SetConfig
                0x0000000008004478       0xd4 Drivers/STM32F4xx_HAL_Driver/Src/stm32f4xx_hal_tim.o
 .text.TIM_OC4_SetConfig
                0x000000000800454c       0xa0 Drivers/STM32F4xx_HAL_Driver/Src/stm32f4xx_hal_tim.o
 .text.TIM_TI1_ConfigInputStage
                0x00000000080045ec       0x5e Drivers/STM32F4xx_HAL_Driver/Src/stm32f4xx_hal_tim.o
 .text.TIM_TI2_ConfigInputStage
                0x000000000800464a       0x60 Drivers/STM32F4xx_HAL_Driver/Src/stm32f4xx_hal_tim.o
 .text.TIM_ITRx_SetConfig
                0x00000000080046aa       0x36 Drivers/STM32F4xx_HAL_Driver/Src/stm32f4xx_hal_tim.o
 .text.TIM_ETR_SetConfig
                0x00000000080046e0       0x40 Drivers/STM32F4xx_HAL_Driver/Src/stm32f4xx_hal_tim.o
                0x00000000080046e0                TIM_ETR_SetConfig
 .text.HAL_TIMEx_MasterConfigSynchronization
                0x0000000008004720       0xdc Drivers/STM32F4xx_HAL_Driver/Src/stm32f4xx_hal_tim_ex.o
                0x0000000008004720                HAL_TIMEx_MasterConfigSynchronization
 .text.HAL_TIMEx_CommutCallback
                0x00000000080047fc       0x14 Drivers/STM32F4xx_HAL_Driver/Src/stm32f4xx_hal_tim_ex.o
                0x00000000080047fc                HAL_TIMEx_CommutCallback
 .text.HAL_TIMEx_BreakCallback
                0x0000000008004810       0x14 Drivers/STM32F4xx_HAL_Driver/Src/stm32f4xx_hal_tim_ex.o
                0x0000000008004810                HAL_TIMEx_BreakCallback
 .text.HAL_UART_Init
                0x0000000008004824       0x9a Drivers/STM32F4xx_HAL_Driver/Src/stm32f4xx_hal_uart.o
                0x0000000008004824                HAL_UART_Init
 *fill*         0x00000000080048be        0x2 
 .text.HAL_UART_Transmit_DMA
                0x00000000080048c0       0xd8 Drivers/STM32F4xx_HAL_Driver/Src/stm32f4xx_hal_uart.o
                0x00000000080048c0                HAL_UART_Transmit_DMA
 .text.HAL_UART_Receive_DMA
                0x0000000008004998      0x100 Drivers/STM32F4xx_HAL_Driver/Src/stm32f4xx_hal_uart.o
                0x0000000008004998                HAL_UART_Receive_DMA
 .text.HAL_UART_IRQHandler
                0x0000000008004a98      0x200 Drivers/STM32F4xx_HAL_Driver/Src/stm32f4xx_hal_uart.o
                0x0000000008004a98                HAL_UART_IRQHandler
 .text.HAL_UART_TxHalfCpltCallback
                0x0000000008004c98       0x14 Drivers/STM32F4xx_HAL_Driver/Src/stm32f4xx_hal_uart.o
                0x0000000008004c98                HAL_UART_TxHalfCpltCallback
 .text.HAL_UART_RxHalfCpltCallback
                0x0000000008004cac       0x14 Drivers/STM32F4xx_HAL_Driver/Src/stm32f4xx_hal_uart.o
                0x0000000008004cac                HAL_UART_RxHalfCpltCallback
 .text.HAL_UART_ErrorCallback
                0x0000000008004cc0       0x14 Drivers/STM32F4xx_HAL_Driver/Src/stm32f4xx_hal_uart.o
                0x0000000008004cc0                HAL_UART_ErrorCallback
 .text.UART_DMATransmitCplt
                0x0000000008004cd4       0x52 Drivers/STM32F4xx_HAL_Driver/Src/stm32f4xx_hal_uart.o
 .text.UART_DMATxHalfCplt
                0x0000000008004d26       0x1c Drivers/STM32F4xx_HAL_Driver/Src/stm32f4xx_hal_uart.o
 .text.UART_DMAReceiveCplt
                0x0000000008004d42       0x68 Drivers/STM32F4xx_HAL_Driver/Src/stm32f4xx_hal_uart.o
 .text.UART_DMARxHalfCplt
                0x0000000008004daa       0x1c Drivers/STM32F4xx_HAL_Driver/Src/stm32f4xx_hal_uart.o
 .text.UART_DMAError
                0x0000000008004dc6       0x94 Drivers/STM32F4xx_HAL_Driver/Src/stm32f4xx_hal_uart.o
 .text.UART_EndTxTransfer
                0x0000000008004e5a       0x2c Drivers/STM32F4xx_HAL_Driver/Src/stm32f4xx_hal_uart.o
 .text.UART_EndRxTransfer
                0x0000000008004e86       0x3c Drivers/STM32F4xx_HAL_Driver/Src/stm32f4xx_hal_uart.o
 .text.UART_DMAAbortOnError
                0x0000000008004ec2       0x28 Drivers/STM32F4xx_HAL_Driver/Src/stm32f4xx_hal_uart.o
 .text.UART_Transmit_IT
                0x0000000008004eea       0xac Drivers/STM32F4xx_HAL_Driver/Src/stm32f4xx_hal_uart.o
 .text.UART_EndTransmit_IT
                0x0000000008004f96       0x30 Drivers/STM32F4xx_HAL_Driver/Src/stm32f4xx_hal_uart.o
 .text.UART_Receive_IT
                0x0000000008004fc6      0x102 Drivers/STM32F4xx_HAL_Driver/Src/stm32f4xx_hal_uart.o
 .text.UART_SetConfig
                0x00000000080050c8      0x6f8 Drivers/STM32F4xx_HAL_Driver/Src/stm32f4xx_hal_uart.o
 .text.__cxa_pure_virtual
                0x00000000080057c0        0x6 c:/st/stm32cubeide_1.4.0/stm32cubeide/plugins/com.st.stm32cube.ide.mcu.externaltools.gnu-tools-for-stm32.7-2018-q2-update.win32_1.4.0.202007081208/tools/bin/../lib/gcc/arm-none-eabi/7.3.1/../../../../arm-none-eabi/lib/thumb/v7e-m/fpv4-sp/hard\libstdc++_nano.a(pure.o)
                0x00000000080057c0                __cxa_pure_virtual
 .text._ZN10__cxxabiv111__terminateEPFvvE
                0x00000000080057c6        0x8 c:/st/stm32cubeide_1.4.0/stm32cubeide/plugins/com.st.stm32cube.ide.mcu.externaltools.gnu-tools-for-stm32.7-2018-q2-update.win32_1.4.0.202007081208/tools/bin/../lib/gcc/arm-none-eabi/7.3.1/../../../../arm-none-eabi/lib/thumb/v7e-m/fpv4-sp/hard\libstdc++_nano.a(eh_terminate.o)
                0x00000000080057c6                __cxxabiv1::__terminate(void (*)())
 *fill*         0x00000000080057ce        0x2 
 .text._ZSt13get_terminatev
                0x00000000080057d0       0x10 c:/st/stm32cubeide_1.4.0/stm32cubeide/plugins/com.st.stm32cube.ide.mcu.externaltools.gnu-tools-for-stm32.7-2018-q2-update.win32_1.4.0.202007081208/tools/bin/../lib/gcc/arm-none-eabi/7.3.1/../../../../arm-none-eabi/lib/thumb/v7e-m/fpv4-sp/hard\libstdc++_nano.a(eh_terminate.o)
                0x00000000080057d0                std::get_terminate()
 .text._ZSt9terminatev
                0x00000000080057e0        0xa c:/st/stm32cubeide_1.4.0/stm32cubeide/plugins/com.st.stm32cube.ide.mcu.externaltools.gnu-tools-for-stm32.7-2018-q2-update.win32_1.4.0.202007081208/tools/bin/../lib/gcc/arm-none-eabi/7.3.1/../../../../arm-none-eabi/lib/thumb/v7e-m/fpv4-sp/hard\libstdc++_nano.a(eh_terminate.o)
                0x00000000080057e0                std::terminate()
 .text.abort    0x00000000080057ea        0xe c:/st/stm32cubeide_1.4.0/stm32cubeide/plugins/com.st.stm32cube.ide.mcu.externaltools.gnu-tools-for-stm32.7-2018-q2-update.win32_1.4.0.202007081208/tools/bin/../lib/gcc/arm-none-eabi/7.3.1/../../../../arm-none-eabi/lib/thumb/v7e-m/fpv4-sp/hard\libc_nano.a(lib_a-abort.o)
                0x00000000080057ea                abort
 .text.__errno  0x00000000080057f8        0xc c:/st/stm32cubeide_1.4.0/stm32cubeide/plugins/com.st.stm32cube.ide.mcu.externaltools.gnu-tools-for-stm32.7-2018-q2-update.win32_1.4.0.202007081208/tools/bin/../lib/gcc/arm-none-eabi/7.3.1/../../../../arm-none-eabi/lib/thumb/v7e-m/fpv4-sp/hard\libc_nano.a(lib_a-errno.o)
                0x00000000080057f8                __errno
 .text.__libc_init_array
                0x0000000008005804       0x48 c:/st/stm32cubeide_1.4.0/stm32cubeide/plugins/com.st.stm32cube.ide.mcu.externaltools.gnu-tools-for-stm32.7-2018-q2-update.win32_1.4.0.202007081208/tools/bin/../lib/gcc/arm-none-eabi/7.3.1/../../../../arm-none-eabi/lib/thumb/v7e-m/fpv4-sp/hard\libc_nano.a(lib_a-init.o)
                0x0000000008005804                __libc_init_array
 .text.memcpy   0x000000000800584c       0x16 c:/st/stm32cubeide_1.4.0/stm32cubeide/plugins/com.st.stm32cube.ide.mcu.externaltools.gnu-tools-for-stm32.7-2018-q2-update.win32_1.4.0.202007081208/tools/bin/../lib/gcc/arm-none-eabi/7.3.1/../../../../arm-none-eabi/lib/thumb/v7e-m/fpv4-sp/hard\libc_nano.a(lib_a-memcpy-stub.o)
                0x000000000800584c                memcpy
 .text.memset   0x0000000008005862       0x10 c:/st/stm32cubeide_1.4.0/stm32cubeide/plugins/com.st.stm32cube.ide.mcu.externaltools.gnu-tools-for-stm32.7-2018-q2-update.win32_1.4.0.202007081208/tools/bin/../lib/gcc/arm-none-eabi/7.3.1/../../../../arm-none-eabi/lib/thumb/v7e-m/fpv4-sp/hard\libc_nano.a(lib_a-memset.o)
                0x0000000008005862                memset
 *fill*         0x0000000008005872        0x2 
 .text.realloc  0x0000000008005874       0x10 c:/st/stm32cubeide_1.4.0/stm32cubeide/plugins/com.st.stm32cube.ide.mcu.externaltools.gnu-tools-for-stm32.7-2018-q2-update.win32_1.4.0.202007081208/tools/bin/../lib/gcc/arm-none-eabi/7.3.1/../../../../arm-none-eabi/lib/thumb/v7e-m/fpv4-sp/hard\libc_nano.a(lib_a-realloc.o)
                0x0000000008005874                realloc
 .text._raise_r
                0x0000000008005884       0x50 c:/st/stm32cubeide_1.4.0/stm32cubeide/plugins/com.st.stm32cube.ide.mcu.externaltools.gnu-tools-for-stm32.7-2018-q2-update.win32_1.4.0.202007081208/tools/bin/../lib/gcc/arm-none-eabi/7.3.1/../../../../arm-none-eabi/lib/thumb/v7e-m/fpv4-sp/hard\libc_nano.a(lib_a-signal.o)
                0x0000000008005884                _raise_r
 .text.raise    0x00000000080058d4       0x10 c:/st/stm32cubeide_1.4.0/stm32cubeide/plugins/com.st.stm32cube.ide.mcu.externaltools.gnu-tools-for-stm32.7-2018-q2-update.win32_1.4.0.202007081208/tools/bin/../lib/gcc/arm-none-eabi/7.3.1/../../../../arm-none-eabi/lib/thumb/v7e-m/fpv4-sp/hard\libc_nano.a(lib_a-signal.o)
                0x00000000080058d4                raise
 .text._kill_r  0x00000000080058e4       0x24 c:/st/stm32cubeide_1.4.0/stm32cubeide/plugins/com.st.stm32cube.ide.mcu.externaltools.gnu-tools-for-stm32.7-2018-q2-update.win32_1.4.0.202007081208/tools/bin/../lib/gcc/arm-none-eabi/7.3.1/../../../../arm-none-eabi/lib/thumb/v7e-m/fpv4-sp/hard\libc_nano.a(lib_a-signalr.o)
                0x00000000080058e4                _kill_r
 .text._getpid_r
                0x0000000008005908        0x4 c:/st/stm32cubeide_1.4.0/stm32cubeide/plugins/com.st.stm32cube.ide.mcu.externaltools.gnu-tools-for-stm32.7-2018-q2-update.win32_1.4.0.202007081208/tools/bin/../lib/gcc/arm-none-eabi/7.3.1/../../../../arm-none-eabi/lib/thumb/v7e-m/fpv4-sp/hard\libc_nano.a(lib_a-signalr.o)
                0x0000000008005908                _getpid_r
 .text._malloc_r
                0x000000000800590c       0xb4 c:/st/stm32cubeide_1.4.0/stm32cubeide/plugins/com.st.stm32cube.ide.mcu.externaltools.gnu-tools-for-stm32.7-2018-q2-update.win32_1.4.0.202007081208/tools/bin/../lib/gcc/arm-none-eabi/7.3.1/../../../../arm-none-eabi/lib/thumb/v7e-m/fpv4-sp/hard\libc_nano.a(lib_a-nano-mallocr.o)
                0x000000000800590c                _malloc_r
 .text._realloc_r
                0x00000000080059c0       0x4c c:/st/stm32cubeide_1.4.0/stm32cubeide/plugins/com.st.stm32cube.ide.mcu.externaltools.gnu-tools-for-stm32.7-2018-q2-update.win32_1.4.0.202007081208/tools/bin/../lib/gcc/arm-none-eabi/7.3.1/../../../../arm-none-eabi/lib/thumb/v7e-m/fpv4-sp/hard\libc_nano.a(lib_a-nano-reallocr.o)
                0x00000000080059c0                _realloc_r
 .text._sbrk_r  0x0000000008005a0c       0x20 c:/st/stm32cubeide_1.4.0/stm32cubeide/plugins/com.st.stm32cube.ide.mcu.externaltools.gnu-tools-for-stm32.7-2018-q2-update.win32_1.4.0.202007081208/tools/bin/../lib/gcc/arm-none-eabi/7.3.1/../../../../arm-none-eabi/lib/thumb/v7e-m/fpv4-sp/hard\libc_nano.a(lib_a-sbrkr.o)
                0x0000000008005a0c                _sbrk_r
 .text.__malloc_lock
                0x0000000008005a2c        0x2 c:/st/stm32cubeide_1.4.0/stm32cubeide/plugins/com.st.stm32cube.ide.mcu.externaltools.gnu-tools-for-stm32.7-2018-q2-update.win32_1.4.0.202007081208/tools/bin/../lib/gcc/arm-none-eabi/7.3.1/../../../../arm-none-eabi/lib/thumb/v7e-m/fpv4-sp/hard\libc_nano.a(lib_a-mlock.o)
                0x0000000008005a2c                __malloc_lock
 .text.__malloc_unlock
                0x0000000008005a2e        0x2 c:/st/stm32cubeide_1.4.0/stm32cubeide/plugins/com.st.stm32cube.ide.mcu.externaltools.gnu-tools-for-stm32.7-2018-q2-update.win32_1.4.0.202007081208/tools/bin/../lib/gcc/arm-none-eabi/7.3.1/../../../../arm-none-eabi/lib/thumb/v7e-m/fpv4-sp/hard\libc_nano.a(lib_a-mlock.o)
                0x0000000008005a2e                __malloc_unlock
 .text._free_r  0x0000000008005a30       0x9c c:/st/stm32cubeide_1.4.0/stm32cubeide/plugins/com.st.stm32cube.ide.mcu.externaltools.gnu-tools-for-stm32.7-2018-q2-update.win32_1.4.0.202007081208/tools/bin/../lib/gcc/arm-none-eabi/7.3.1/../../../../arm-none-eabi/lib/thumb/v7e-m/fpv4-sp/hard\libc_nano.a(lib_a-nano-freer.o)
                0x0000000008005a30                _free_r
 .text._malloc_usable_size_r
                0x0000000008005acc       0x10 c:/st/stm32cubeide_1.4.0/stm32cubeide/plugins/com.st.stm32cube.ide.mcu.externaltools.gnu-tools-for-stm32.7-2018-q2-update.win32_1.4.0.202007081208/tools/bin/../lib/gcc/arm-none-eabi/7.3.1/../../../../arm-none-eabi/lib/thumb/v7e-m/fpv4-sp/hard\libc_nano.a(lib_a-nano-msizer.o)
                0x0000000008005acc                _malloc_usable_size_r
 *(.glue_7)
 .glue_7        0x0000000008005adc        0x0 linker stubs
 *(.glue_7t)
 .glue_7t       0x0000000008005adc        0x0 linker stubs
 *(.eh_frame)
 .eh_frame      0x0000000008005adc        0x0 c:/st/stm32cubeide_1.4.0/stm32cubeide/plugins/com.st.stm32cube.ide.mcu.externaltools.gnu-tools-for-stm32.7-2018-q2-update.win32_1.4.0.202007081208/tools/bin/../lib/gcc/arm-none-eabi/7.3.1/thumb/v7e-m/fpv4-sp/hard/crtbegin.o
 *(.init)
 .init          0x0000000008005adc        0x4 c:/st/stm32cubeide_1.4.0/stm32cubeide/plugins/com.st.stm32cube.ide.mcu.externaltools.gnu-tools-for-stm32.7-2018-q2-update.win32_1.4.0.202007081208/tools/bin/../lib/gcc/arm-none-eabi/7.3.1/thumb/v7e-m/fpv4-sp/hard/crti.o
                0x0000000008005adc                _init
 .init          0x0000000008005ae0        0x8 c:/st/stm32cubeide_1.4.0/stm32cubeide/plugins/com.st.stm32cube.ide.mcu.externaltools.gnu-tools-for-stm32.7-2018-q2-update.win32_1.4.0.202007081208/tools/bin/../lib/gcc/arm-none-eabi/7.3.1/thumb/v7e-m/fpv4-sp/hard/crtn.o
 *(.fini)
 .fini          0x0000000008005ae8        0x4 c:/st/stm32cubeide_1.4.0/stm32cubeide/plugins/com.st.stm32cube.ide.mcu.externaltools.gnu-tools-for-stm32.7-2018-q2-update.win32_1.4.0.202007081208/tools/bin/../lib/gcc/arm-none-eabi/7.3.1/thumb/v7e-m/fpv4-sp/hard/crti.o
                0x0000000008005ae8                _fini
 .fini          0x0000000008005aec        0x8 c:/st/stm32cubeide_1.4.0/stm32cubeide/plugins/com.st.stm32cube.ide.mcu.externaltools.gnu-tools-for-stm32.7-2018-q2-update.win32_1.4.0.202007081208/tools/bin/../lib/gcc/arm-none-eabi/7.3.1/thumb/v7e-m/fpv4-sp/hard/crtn.o
                0x0000000008005af4                . = ALIGN (0x4)
                0x0000000008005af4                _etext = .

.vfp11_veneer   0x0000000008005af4        0x0
 .vfp11_veneer  0x0000000008005af4        0x0 linker stubs

.v4_bx          0x0000000008005af4        0x0
 .v4_bx         0x0000000008005af4        0x0 linker stubs

.iplt           0x0000000008005af4        0x0
 .iplt          0x0000000008005af4        0x0 c:/st/stm32cubeide_1.4.0/stm32cubeide/plugins/com.st.stm32cube.ide.mcu.externaltools.gnu-tools-for-stm32.7-2018-q2-update.win32_1.4.0.202007081208/tools/bin/../lib/gcc/arm-none-eabi/7.3.1/thumb/v7e-m/fpv4-sp/hard/crtbegin.o

.rodata         0x0000000008005af4      0x238
                0x0000000008005af4                . = ALIGN (0x4)
 *(.rodata)
 .rodata        0x0000000008005af4      0x14c Core/Src/mainpp.o
 *(.rodata*)
 .rodata._ZN14rosserial_msgsL12REQUESTPARAME
                0x0000000008005c40       0x1c Core/Src/mainpp.o
 .rodata._ZTVN3ros11NodeHandle_I13STM32HardwareLi25ELi25ELi512ELi512EEE
                0x0000000008005c5c       0x14 Core/Src/mainpp.o
                0x0000000008005c5c                vtable for ros::NodeHandle_<STM32Hardware, 25, 25, 512, 512>
 .rodata._ZTVN8std_msgs6StringE
                0x0000000008005c70       0x18 Core/Src/mainpp.o
                0x0000000008005c70                vtable for std_msgs::String
 .rodata._ZTVN3ros15NodeHandleBase_E
                0x0000000008005c88       0x14 Core/Src/mainpp.o
                0x0000000008005c88                vtable for ros::NodeHandleBase_
 .rodata._ZTVN14rosserial_msgs20RequestParamResponseE
                0x0000000008005c9c       0x18 Core/Src/mainpp.o
                0x0000000008005c9c                vtable for rosserial_msgs::RequestParamResponse
 .rodata._ZTVN14rosserial_msgs3LogE
                0x0000000008005cb4       0x18 Core/Src/mainpp.o
                0x0000000008005cb4                vtable for rosserial_msgs::Log
 .rodata._ZTVN14rosserial_msgs9TopicInfoE
                0x0000000008005ccc       0x18 Core/Src/mainpp.o
                0x0000000008005ccc                vtable for rosserial_msgs::TopicInfo
 .rodata._ZTVN8std_msgs4TimeE
                0x0000000008005ce4       0x18 Core/Src/mainpp.o
                0x0000000008005ce4                vtable for std_msgs::Time
 .rodata._ZTVN3ros3MsgE
                0x0000000008005cfc       0x18 Core/Src/mainpp.o
                0x0000000008005cfc                vtable for ros::Msg
 .rodata.AHBPrescTable
                0x0000000008005d14       0x10 Core/Src/system_stm32f4xx.o
                0x0000000008005d14                AHBPrescTable
 .rodata.APBPrescTable
                0x0000000008005d24        0x8 Core/Src/system_stm32f4xx.o
                0x0000000008005d24                APBPrescTable
                0x0000000008005d2c                . = ALIGN (0x4)

.ARM.extab      0x0000000008005d2c        0x0
                0x0000000008005d2c                . = ALIGN (0x4)
 *(.ARM.extab* .gnu.linkonce.armextab.*)
                0x0000000008005d2c                . = ALIGN (0x4)

.ARM            0x0000000008005d2c        0x8
                0x0000000008005d2c                . = ALIGN (0x4)
                0x0000000008005d2c                __exidx_start = .
 *(.ARM.exidx*)
 .ARM.exidx     0x0000000008005d2c        0x8 c:/st/stm32cubeide_1.4.0/stm32cubeide/plugins/com.st.stm32cube.ide.mcu.externaltools.gnu-tools-for-stm32.7-2018-q2-update.win32_1.4.0.202007081208/tools/bin/../lib/gcc/arm-none-eabi/7.3.1/thumb/v7e-m/fpv4-sp/hard\libgcc.a(_udivmoddi4.o)
                0x0000000008005d34                __exidx_end = .
                0x0000000008005d34                . = ALIGN (0x4)

.rel.dyn        0x0000000008005d34        0x0
 .rel.iplt      0x0000000008005d34        0x0 c:/st/stm32cubeide_1.4.0/stm32cubeide/plugins/com.st.stm32cube.ide.mcu.externaltools.gnu-tools-for-stm32.7-2018-q2-update.win32_1.4.0.202007081208/tools/bin/../lib/gcc/arm-none-eabi/7.3.1/thumb/v7e-m/fpv4-sp/hard/crtbegin.o

.preinit_array  0x0000000008005d34        0x0
                0x0000000008005d34                . = ALIGN (0x4)
                0x0000000008005d34                PROVIDE (__preinit_array_start = .)
 *(.preinit_array*)
                0x0000000008005d34                PROVIDE (__preinit_array_end = .)
                0x0000000008005d34                . = ALIGN (0x4)

.init_array     0x0000000008005d34        0x8
                0x0000000008005d34                . = ALIGN (0x4)
                0x0000000008005d34                PROVIDE (__init_array_start = .)
 *(SORT_BY_NAME(.init_array.*))
 *(.init_array*)
 .init_array    0x0000000008005d34        0x4 c:/st/stm32cubeide_1.4.0/stm32cubeide/plugins/com.st.stm32cube.ide.mcu.externaltools.gnu-tools-for-stm32.7-2018-q2-update.win32_1.4.0.202007081208/tools/bin/../lib/gcc/arm-none-eabi/7.3.1/thumb/v7e-m/fpv4-sp/hard/crtbegin.o
 .init_array    0x0000000008005d38        0x4 Core/Src/mainpp.o
                0x0000000008005d3c                PROVIDE (__init_array_end = .)
                0x0000000008005d3c                . = ALIGN (0x4)

.fini_array     0x0000000008005d3c        0x4
                0x0000000008005d3c                . = ALIGN (0x4)
                [!provide]                        PROVIDE (__fini_array_start = .)
 *(SORT_BY_NAME(.fini_array.*))
 *(.fini_array*)
 .fini_array    0x0000000008005d3c        0x4 c:/st/stm32cubeide_1.4.0/stm32cubeide/plugins/com.st.stm32cube.ide.mcu.externaltools.gnu-tools-for-stm32.7-2018-q2-update.win32_1.4.0.202007081208/tools/bin/../lib/gcc/arm-none-eabi/7.3.1/thumb/v7e-m/fpv4-sp/hard/crtbegin.o
                [!provide]                        PROVIDE (__fini_array_end = .)
                0x0000000008005d40                . = ALIGN (0x4)
                0x0000000008005d40                _sidata = LOADADDR (.data)

.data           0x0000000020000000       0x74 load address 0x0000000008005d40
                0x0000000020000000                . = ALIGN (0x4)
                0x0000000020000000                _sdata = .
 *(.data)
 *(.data*)
 .data.SystemCoreClock
                0x0000000020000000        0x4 Core/Src/system_stm32f4xx.o
                0x0000000020000000                SystemCoreClock
 .data.uwTickPrio
                0x0000000020000004        0x4 Drivers/STM32F4xx_HAL_Driver/Src/stm32f4xx_hal.o
                0x0000000020000004                uwTickPrio
 .data.uwTickFreq
                0x0000000020000008        0x1 Drivers/STM32F4xx_HAL_Driver/Src/stm32f4xx_hal.o
                0x0000000020000008                uwTickFreq
 *fill*         0x0000000020000009        0x3 
 .data._ZN10__cxxabiv119__terminate_handlerE
                0x000000002000000c        0x4 c:/st/stm32cubeide_1.4.0/stm32cubeide/plugins/com.st.stm32cube.ide.mcu.externaltools.gnu-tools-for-stm32.7-2018-q2-update.win32_1.4.0.202007081208/tools/bin/../lib/gcc/arm-none-eabi/7.3.1/../../../../arm-none-eabi/lib/thumb/v7e-m/fpv4-sp/hard\libstdc++_nano.a(eh_term_handler.o)
                0x000000002000000c                __cxxabiv1::__terminate_handler
 .data._impure_ptr
                0x0000000020000010        0x4 c:/st/stm32cubeide_1.4.0/stm32cubeide/plugins/com.st.stm32cube.ide.mcu.externaltools.gnu-tools-for-stm32.7-2018-q2-update.win32_1.4.0.202007081208/tools/bin/../lib/gcc/arm-none-eabi/7.3.1/../../../../arm-none-eabi/lib/thumb/v7e-m/fpv4-sp/hard\libc_nano.a(lib_a-impure.o)
                0x0000000020000010                _impure_ptr
 .data.impure_data
                0x0000000020000014       0x60 c:/st/stm32cubeide_1.4.0/stm32cubeide/plugins/com.st.stm32cube.ide.mcu.externaltools.gnu-tools-for-stm32.7-2018-q2-update.win32_1.4.0.202007081208/tools/bin/../lib/gcc/arm-none-eabi/7.3.1/../../../../arm-none-eabi/lib/thumb/v7e-m/fpv4-sp/hard\libc_nano.a(lib_a-impure.o)
                0x0000000020000074                . = ALIGN (0x4)
                0x0000000020000074                _edata = .

.igot.plt       0x0000000020000074        0x0 load address 0x0000000008005db4
 .igot.plt      0x0000000020000074        0x0 c:/st/stm32cubeide_1.4.0/stm32cubeide/plugins/com.st.stm32cube.ide.mcu.externaltools.gnu-tools-for-stm32.7-2018-q2-update.win32_1.4.0.202007081208/tools/bin/../lib/gcc/arm-none-eabi/7.3.1/thumb/v7e-m/fpv4-sp/hard/crtbegin.o
                0x0000000020000074                . = ALIGN (0x4)

.bss            0x0000000020000074      0xa8c load address 0x0000000008005db4
                0x0000000020000074                _sbss = .
                0x0000000020000074                __bss_start__ = _sbss
 *(.bss)
 .bss           0x0000000020000074       0x1c c:/st/stm32cubeide_1.4.0/stm32cubeide/plugins/com.st.stm32cube.ide.mcu.externaltools.gnu-tools-for-stm32.7-2018-q2-update.win32_1.4.0.202007081208/tools/bin/../lib/gcc/arm-none-eabi/7.3.1/thumb/v7e-m/fpv4-sp/hard/crtbegin.o
 *(.bss*)
 .bss._ZZN13STM32Hardware5flushEvE5mutex
                0x0000000020000090        0x1 Core/Src/mainpp.o
                0x0000000020000090                STM32Hardware::flush()::mutex
 *fill*         0x0000000020000091        0x3 
 .bss.htim1     0x0000000020000094       0x40 Core/Src/mainpp.o
                0x0000000020000094                htim1
 .bss.htim3     0x00000000200000d4       0x40 Core/Src/mainpp.o
                0x00000000200000d4                htim3
 .bss.htim4     0x0000000020000114       0x40 Core/Src/mainpp.o
                0x0000000020000114                htim4
 .bss.huart2    0x0000000020000154       0x40 Core/Src/mainpp.o
                0x0000000020000154                huart2
 .bss.nh        0x0000000020000194      0x93c Core/Src/mainpp.o
                0x0000000020000194                nh
 .bss.str_msg   0x0000000020000ad0        0x8 Core/Src/mainpp.o
                0x0000000020000ad0                str_msg
 .bss.chatter   0x0000000020000ad8       0x14 Core/Src/mainpp.o
                0x0000000020000ad8                chatter
 .bss.__sbrk_heap_end
                0x0000000020000aec        0x4 Core/Src/sysmem.o
 .bss.__malloc_free_list
                0x0000000020000af0        0x4 c:/st/stm32cubeide_1.4.0/stm32cubeide/plugins/com.st.stm32cube.ide.mcu.externaltools.gnu-tools-for-stm32.7-2018-q2-update.win32_1.4.0.202007081208/tools/bin/../lib/gcc/arm-none-eabi/7.3.1/../../../../arm-none-eabi/lib/thumb/v7e-m/fpv4-sp/hard\libc_nano.a(lib_a-nano-mallocr.o)
                0x0000000020000af0                __malloc_free_list
 .bss.__malloc_sbrk_start
                0x0000000020000af4        0x4 c:/st/stm32cubeide_1.4.0/stm32cubeide/plugins/com.st.stm32cube.ide.mcu.externaltools.gnu-tools-for-stm32.7-2018-q2-update.win32_1.4.0.202007081208/tools/bin/../lib/gcc/arm-none-eabi/7.3.1/../../../../arm-none-eabi/lib/thumb/v7e-m/fpv4-sp/hard\libc_nano.a(lib_a-nano-mallocr.o)
                0x0000000020000af4                __malloc_sbrk_start
 *(COMMON)
 COMMON         0x0000000020000af8        0x4 Drivers/STM32F4xx_HAL_Driver/Src/stm32f4xx_hal.o
                0x0000000020000af8                uwTick
 COMMON         0x0000000020000afc        0x4 c:/st/stm32cubeide_1.4.0/stm32cubeide/plugins/com.st.stm32cube.ide.mcu.externaltools.gnu-tools-for-stm32.7-2018-q2-update.win32_1.4.0.202007081208/tools/bin/../lib/gcc/arm-none-eabi/7.3.1/../../../../arm-none-eabi/lib/thumb/v7e-m/fpv4-sp/hard\libc_nano.a(lib_a-reent.o)
                0x0000000020000afc                errno
                0x0000000020000b00                . = ALIGN (0x4)
                0x0000000020000b00                _ebss = .
                0x0000000020000b00                __bss_end__ = _ebss

._user_heap_stack
                0x0000000020000b00      0x600 load address 0x0000000008005db4
                0x0000000020000b00                . = ALIGN (0x8)
                [!provide]                        PROVIDE (end = .)
                0x0000000020000b00                PROVIDE (_end = .)
                0x0000000020000d00                . = (. + _Min_Heap_Size)
 *fill*         0x0000000020000b00      0x200 
                0x0000000020001100                . = (. + _Min_Stack_Size)
 *fill*         0x0000000020000d00      0x400 
                0x0000000020001100                . = ALIGN (0x8)

/DISCARD/
 libc.a(*)
 libm.a(*)
 libgcc.a(*)

.ARM.attributes
                0x0000000000000000       0x30
 *(.ARM.attributes)
 .ARM.attributes
                0x0000000000000000       0x22 c:/st/stm32cubeide_1.4.0/stm32cubeide/plugins/com.st.stm32cube.ide.mcu.externaltools.gnu-tools-for-stm32.7-2018-q2-update.win32_1.4.0.202007081208/tools/bin/../lib/gcc/arm-none-eabi/7.3.1/thumb/v7e-m/fpv4-sp/hard/crti.o
 .ARM.attributes
                0x0000000000000022       0x34 c:/st/stm32cubeide_1.4.0/stm32cubeide/plugins/com.st.stm32cube.ide.mcu.externaltools.gnu-tools-for-stm32.7-2018-q2-update.win32_1.4.0.202007081208/tools/bin/../lib/gcc/arm-none-eabi/7.3.1/thumb/v7e-m/fpv4-sp/hard/crtbegin.o
 .ARM.attributes
                0x0000000000000056       0x39 Core/Inc/time.o
 .ARM.attributes
                0x000000000000008f       0x39 Core/Src/main.o
 .ARM.attributes
                0x00000000000000c8       0x39 Core/Src/mainpp.o
 .ARM.attributes
                0x0000000000000101       0x39 Core/Src/stm32f4xx_hal_msp.o
 .ARM.attributes
                0x000000000000013a       0x39 Core/Src/stm32f4xx_it.o
 .ARM.attributes
                0x0000000000000173       0x39 Core/Src/syscalls.o
 .ARM.attributes
                0x00000000000001ac       0x39 Core/Src/sysmem.o
 .ARM.attributes
                0x00000000000001e5       0x39 Core/Src/system_stm32f4xx.o
 .ARM.attributes
                0x000000000000021e       0x21 Core/Startup/startup_stm32f411retx.o
 .ARM.attributes
                0x000000000000023f       0x39 Drivers/STM32F4xx_HAL_Driver/Src/stm32f4xx_hal.o
 .ARM.attributes
                0x0000000000000278       0x39 Drivers/STM32F4xx_HAL_Driver/Src/stm32f4xx_hal_cortex.o
 .ARM.attributes
                0x00000000000002b1       0x39 Drivers/STM32F4xx_HAL_Driver/Src/stm32f4xx_hal_dma.o
 .ARM.attributes
                0x00000000000002ea       0x39 Drivers/STM32F4xx_HAL_Driver/Src/stm32f4xx_hal_gpio.o
 .ARM.attributes
                0x0000000000000323       0x39 Drivers/STM32F4xx_HAL_Driver/Src/stm32f4xx_hal_rcc.o
 .ARM.attributes
                0x000000000000035c       0x39 Drivers/STM32F4xx_HAL_Driver/Src/stm32f4xx_hal_tim.o
 .ARM.attributes
                0x0000000000000395       0x39 Drivers/STM32F4xx_HAL_Driver/Src/stm32f4xx_hal_tim_ex.o
 .ARM.attributes
                0x00000000000003ce       0x39 Drivers/STM32F4xx_HAL_Driver/Src/stm32f4xx_hal_uart.o
 .ARM.attributes
                0x0000000000000407       0x34 c:/st/stm32cubeide_1.4.0/stm32cubeide/plugins/com.st.stm32cube.ide.mcu.externaltools.gnu-tools-for-stm32.7-2018-q2-update.win32_1.4.0.202007081208/tools/bin/../lib/gcc/arm-none-eabi/7.3.1/../../../../arm-none-eabi/lib/thumb/v7e-m/fpv4-sp/hard\libstdc++_nano.a(pure.o)
 .ARM.attributes
                0x000000000000043b       0x34 c:/st/stm32cubeide_1.4.0/stm32cubeide/plugins/com.st.stm32cube.ide.mcu.externaltools.gnu-tools-for-stm32.7-2018-q2-update.win32_1.4.0.202007081208/tools/bin/../lib/gcc/arm-none-eabi/7.3.1/../../../../arm-none-eabi/lib/thumb/v7e-m/fpv4-sp/hard\libstdc++_nano.a(eh_terminate.o)
 .ARM.attributes
                0x000000000000046f       0x34 c:/st/stm32cubeide_1.4.0/stm32cubeide/plugins/com.st.stm32cube.ide.mcu.externaltools.gnu-tools-for-stm32.7-2018-q2-update.win32_1.4.0.202007081208/tools/bin/../lib/gcc/arm-none-eabi/7.3.1/../../../../arm-none-eabi/lib/thumb/v7e-m/fpv4-sp/hard\libstdc++_nano.a(eh_term_handler.o)
 .ARM.attributes
                0x00000000000004a3       0x34 c:/st/stm32cubeide_1.4.0/stm32cubeide/plugins/com.st.stm32cube.ide.mcu.externaltools.gnu-tools-for-stm32.7-2018-q2-update.win32_1.4.0.202007081208/tools/bin/../lib/gcc/arm-none-eabi/7.3.1/../../../../arm-none-eabi/lib/thumb/v7e-m/fpv4-sp/hard\libc_nano.a(lib_a-abort.o)
 .ARM.attributes
                0x00000000000004d7       0x34 c:/st/stm32cubeide_1.4.0/stm32cubeide/plugins/com.st.stm32cube.ide.mcu.externaltools.gnu-tools-for-stm32.7-2018-q2-update.win32_1.4.0.202007081208/tools/bin/../lib/gcc/arm-none-eabi/7.3.1/../../../../arm-none-eabi/lib/thumb/v7e-m/fpv4-sp/hard\libc_nano.a(lib_a-errno.o)
 .ARM.attributes
                0x000000000000050b       0x34 c:/st/stm32cubeide_1.4.0/stm32cubeide/plugins/com.st.stm32cube.ide.mcu.externaltools.gnu-tools-for-stm32.7-2018-q2-update.win32_1.4.0.202007081208/tools/bin/../lib/gcc/arm-none-eabi/7.3.1/../../../../arm-none-eabi/lib/thumb/v7e-m/fpv4-sp/hard\libc_nano.a(lib_a-impure.o)
 .ARM.attributes
                0x000000000000053f       0x34 c:/st/stm32cubeide_1.4.0/stm32cubeide/plugins/com.st.stm32cube.ide.mcu.externaltools.gnu-tools-for-stm32.7-2018-q2-update.win32_1.4.0.202007081208/tools/bin/../lib/gcc/arm-none-eabi/7.3.1/../../../../arm-none-eabi/lib/thumb/v7e-m/fpv4-sp/hard\libc_nano.a(lib_a-init.o)
 .ARM.attributes
                0x0000000000000573       0x34 c:/st/stm32cubeide_1.4.0/stm32cubeide/plugins/com.st.stm32cube.ide.mcu.externaltools.gnu-tools-for-stm32.7-2018-q2-update.win32_1.4.0.202007081208/tools/bin/../lib/gcc/arm-none-eabi/7.3.1/../../../../arm-none-eabi/lib/thumb/v7e-m/fpv4-sp/hard\libc_nano.a(lib_a-memcpy-stub.o)
 .ARM.attributes
                0x00000000000005a7       0x34 c:/st/stm32cubeide_1.4.0/stm32cubeide/plugins/com.st.stm32cube.ide.mcu.externaltools.gnu-tools-for-stm32.7-2018-q2-update.win32_1.4.0.202007081208/tools/bin/../lib/gcc/arm-none-eabi/7.3.1/../../../../arm-none-eabi/lib/thumb/v7e-m/fpv4-sp/hard\libc_nano.a(lib_a-memset.o)
 .ARM.attributes
                0x00000000000005db       0x34 c:/st/stm32cubeide_1.4.0/stm32cubeide/plugins/com.st.stm32cube.ide.mcu.externaltools.gnu-tools-for-stm32.7-2018-q2-update.win32_1.4.0.202007081208/tools/bin/../lib/gcc/arm-none-eabi/7.3.1/../../../../arm-none-eabi/lib/thumb/v7e-m/fpv4-sp/hard\libc_nano.a(lib_a-realloc.o)
 .ARM.attributes
                0x000000000000060f       0x34 c:/st/stm32cubeide_1.4.0/stm32cubeide/plugins/com.st.stm32cube.ide.mcu.externaltools.gnu-tools-for-stm32.7-2018-q2-update.win32_1.4.0.202007081208/tools/bin/../lib/gcc/arm-none-eabi/7.3.1/../../../../arm-none-eabi/lib/thumb/v7e-m/fpv4-sp/hard\libc_nano.a(lib_a-signal.o)
 .ARM.attributes
                0x0000000000000643       0x34 c:/st/stm32cubeide_1.4.0/stm32cubeide/plugins/com.st.stm32cube.ide.mcu.externaltools.gnu-tools-for-stm32.7-2018-q2-update.win32_1.4.0.202007081208/tools/bin/../lib/gcc/arm-none-eabi/7.3.1/../../../../arm-none-eabi/lib/thumb/v7e-m/fpv4-sp/hard\libc_nano.a(lib_a-signalr.o)
 .ARM.attributes
                0x0000000000000677       0x1b c:/st/stm32cubeide_1.4.0/stm32cubeide/plugins/com.st.stm32cube.ide.mcu.externaltools.gnu-tools-for-stm32.7-2018-q2-update.win32_1.4.0.202007081208/tools/bin/../lib/gcc/arm-none-eabi/7.3.1/../../../../arm-none-eabi/lib/thumb/v7e-m/fpv4-sp/hard\libc_nano.a(lib_a-strlen.o)
 .ARM.attributes
                0x0000000000000692       0x34 c:/st/stm32cubeide_1.4.0/stm32cubeide/plugins/com.st.stm32cube.ide.mcu.externaltools.gnu-tools-for-stm32.7-2018-q2-update.win32_1.4.0.202007081208/tools/bin/../lib/gcc/arm-none-eabi/7.3.1/../../../../arm-none-eabi/lib/thumb/v7e-m/fpv4-sp/hard\libc_nano.a(lib_a-nano-mallocr.o)
 .ARM.attributes
                0x00000000000006c6       0x34 c:/st/stm32cubeide_1.4.0/stm32cubeide/plugins/com.st.stm32cube.ide.mcu.externaltools.gnu-tools-for-stm32.7-2018-q2-update.win32_1.4.0.202007081208/tools/bin/../lib/gcc/arm-none-eabi/7.3.1/../../../../arm-none-eabi/lib/thumb/v7e-m/fpv4-sp/hard\libc_nano.a(lib_a-nano-reallocr.o)
 .ARM.attributes
                0x00000000000006fa       0x34 c:/st/stm32cubeide_1.4.0/stm32cubeide/plugins/com.st.stm32cube.ide.mcu.externaltools.gnu-tools-for-stm32.7-2018-q2-update.win32_1.4.0.202007081208/tools/bin/../lib/gcc/arm-none-eabi/7.3.1/../../../../arm-none-eabi/lib/thumb/v7e-m/fpv4-sp/hard\libc_nano.a(lib_a-reent.o)
 .ARM.attributes
                0x000000000000072e       0x34 c:/st/stm32cubeide_1.4.0/stm32cubeide/plugins/com.st.stm32cube.ide.mcu.externaltools.gnu-tools-for-stm32.7-2018-q2-update.win32_1.4.0.202007081208/tools/bin/../lib/gcc/arm-none-eabi/7.3.1/../../../../arm-none-eabi/lib/thumb/v7e-m/fpv4-sp/hard\libc_nano.a(lib_a-sbrkr.o)
 .ARM.attributes
                0x0000000000000762       0x34 c:/st/stm32cubeide_1.4.0/stm32cubeide/plugins/com.st.stm32cube.ide.mcu.externaltools.gnu-tools-for-stm32.7-2018-q2-update.win32_1.4.0.202007081208/tools/bin/../lib/gcc/arm-none-eabi/7.3.1/../../../../arm-none-eabi/lib/thumb/v7e-m/fpv4-sp/hard\libc_nano.a(lib_a-mlock.o)
 .ARM.attributes
                0x0000000000000796       0x34 c:/st/stm32cubeide_1.4.0/stm32cubeide/plugins/com.st.stm32cube.ide.mcu.externaltools.gnu-tools-for-stm32.7-2018-q2-update.win32_1.4.0.202007081208/tools/bin/../lib/gcc/arm-none-eabi/7.3.1/../../../../arm-none-eabi/lib/thumb/v7e-m/fpv4-sp/hard\libc_nano.a(lib_a-nano-freer.o)
 .ARM.attributes
                0x00000000000007ca       0x34 c:/st/stm32cubeide_1.4.0/stm32cubeide/plugins/com.st.stm32cube.ide.mcu.externaltools.gnu-tools-for-stm32.7-2018-q2-update.win32_1.4.0.202007081208/tools/bin/../lib/gcc/arm-none-eabi/7.3.1/../../../../arm-none-eabi/lib/thumb/v7e-m/fpv4-sp/hard\libc_nano.a(lib_a-nano-msizer.o)
 .ARM.attributes
                0x00000000000007fe       0x22 c:/st/stm32cubeide_1.4.0/stm32cubeide/plugins/com.st.stm32cube.ide.mcu.externaltools.gnu-tools-for-stm32.7-2018-q2-update.win32_1.4.0.202007081208/tools/bin/../lib/gcc/arm-none-eabi/7.3.1/thumb/v7e-m/fpv4-sp/hard\libgcc.a(_aeabi_uldivmod.o)
 .ARM.attributes
                0x0000000000000820       0x34 c:/st/stm32cubeide_1.4.0/stm32cubeide/plugins/com.st.stm32cube.ide.mcu.externaltools.gnu-tools-for-stm32.7-2018-q2-update.win32_1.4.0.202007081208/tools/bin/../lib/gcc/arm-none-eabi/7.3.1/thumb/v7e-m/fpv4-sp/hard\libgcc.a(_udivmoddi4.o)
 .ARM.attributes
                0x0000000000000854       0x22 c:/st/stm32cubeide_1.4.0/stm32cubeide/plugins/com.st.stm32cube.ide.mcu.externaltools.gnu-tools-for-stm32.7-2018-q2-update.win32_1.4.0.202007081208/tools/bin/../lib/gcc/arm-none-eabi/7.3.1/thumb/v7e-m/fpv4-sp/hard\libgcc.a(_dvmd_tls.o)
 .ARM.attributes
                0x0000000000000876       0x22 c:/st/stm32cubeide_1.4.0/stm32cubeide/plugins/com.st.stm32cube.ide.mcu.externaltools.gnu-tools-for-stm32.7-2018-q2-update.win32_1.4.0.202007081208/tools/bin/../lib/gcc/arm-none-eabi/7.3.1/thumb/v7e-m/fpv4-sp/hard/crtn.o
OUTPUT(robot_2.elf elf32-littlearm)

.debug_info     0x0000000000000000    0x11f4b
 .debug_info    0x0000000000000000     0x13e9 Core/Inc/time.o
 .debug_info    0x00000000000013e9     0x1183 Core/Src/main.o
 .debug_info    0x000000000000256c     0x4ad5 Core/Src/mainpp.o
 .debug_info    0x0000000000007041      0xf0a Core/Src/stm32f4xx_hal_msp.o
 .debug_info    0x0000000000007f4b      0x91c Core/Src/stm32f4xx_it.o
 .debug_info    0x0000000000008867      0xebd Core/Src/syscalls.o
 .debug_info    0x0000000000009724      0x985 Core/Src/sysmem.o
 .debug_info    0x000000000000a0a9      0x57e Core/Src/system_stm32f4xx.o
 .debug_info    0x000000000000a627       0x22 Core/Startup/startup_stm32f411retx.o
 .debug_info    0x000000000000a649      0x8d5 Drivers/STM32F4xx_HAL_Driver/Src/stm32f4xx_hal.o
 .debug_info    0x000000000000af1e      0xd98 Drivers/STM32F4xx_HAL_Driver/Src/stm32f4xx_hal_cortex.o
 .debug_info    0x000000000000bcb6      0x960 Drivers/STM32F4xx_HAL_Driver/Src/stm32f4xx_hal_dma.o
 .debug_info    0x000000000000c616      0x7d7 Drivers/STM32F4xx_HAL_Driver/Src/stm32f4xx_hal_gpio.o
 .debug_info    0x000000000000cded      0x92a Drivers/STM32F4xx_HAL_Driver/Src/stm32f4xx_hal_rcc.o
 .debug_info    0x000000000000d717     0x24a1 Drivers/STM32F4xx_HAL_Driver/Src/stm32f4xx_hal_tim.o
 .debug_info    0x000000000000fbb8     0x114f Drivers/STM32F4xx_HAL_Driver/Src/stm32f4xx_hal_tim_ex.o
 .debug_info    0x0000000000010d07     0x1244 Drivers/STM32F4xx_HAL_Driver/Src/stm32f4xx_hal_uart.o

.debug_abbrev   0x0000000000000000     0x27de
 .debug_abbrev  0x0000000000000000      0x353 Core/Inc/time.o
 .debug_abbrev  0x0000000000000353      0x217 Core/Src/main.o
 .debug_abbrev  0x000000000000056a      0x832 Core/Src/mainpp.o
 .debug_abbrev  0x0000000000000d9c      0x1f8 Core/Src/stm32f4xx_hal_msp.o
 .debug_abbrev  0x0000000000000f94      0x169 Core/Src/stm32f4xx_it.o
 .debug_abbrev  0x00000000000010fd      0x261 Core/Src/syscalls.o
 .debug_abbrev  0x000000000000135e      0x19b Core/Src/sysmem.o
 .debug_abbrev  0x00000000000014f9      0x12b Core/Src/system_stm32f4xx.o
 .debug_abbrev  0x0000000000001624       0x12 Core/Startup/startup_stm32f411retx.o
 .debug_abbrev  0x0000000000001636      0x1f2 Drivers/STM32F4xx_HAL_Driver/Src/stm32f4xx_hal.o
 .debug_abbrev  0x0000000000001828      0x2fa Drivers/STM32F4xx_HAL_Driver/Src/stm32f4xx_hal_cortex.o
 .debug_abbrev  0x0000000000001b22      0x1f1 Drivers/STM32F4xx_HAL_Driver/Src/stm32f4xx_hal_dma.o
 .debug_abbrev  0x0000000000001d13      0x1c9 Drivers/STM32F4xx_HAL_Driver/Src/stm32f4xx_hal_gpio.o
 .debug_abbrev  0x0000000000001edc      0x245 Drivers/STM32F4xx_HAL_Driver/Src/stm32f4xx_hal_rcc.o
 .debug_abbrev  0x0000000000002121      0x23f Drivers/STM32F4xx_HAL_Driver/Src/stm32f4xx_hal_tim.o
 .debug_abbrev  0x0000000000002360      0x22d Drivers/STM32F4xx_HAL_Driver/Src/stm32f4xx_hal_tim_ex.o
 .debug_abbrev  0x000000000000258d      0x251 Drivers/STM32F4xx_HAL_Driver/Src/stm32f4xx_hal_uart.o

.debug_aranges  0x0000000000000000      0xec8
 .debug_aranges
                0x0000000000000000       0x38 Core/Inc/time.o
 .debug_aranges
                0x0000000000000038       0x58 Core/Src/main.o
 .debug_aranges
                0x0000000000000090      0x200 Core/Src/mainpp.o
 .debug_aranges
                0x0000000000000290       0x68 Core/Src/stm32f4xx_hal_msp.o
 .debug_aranges
                0x00000000000002f8       0x78 Core/Src/stm32f4xx_it.o
 .debug_aranges
                0x0000000000000370       0xa8 Core/Src/syscalls.o
 .debug_aranges
                0x0000000000000418       0x20 Core/Src/sysmem.o
 .debug_aranges
                0x0000000000000438       0x28 Core/Src/system_stm32f4xx.o
 .debug_aranges
                0x0000000000000460       0x28 Core/Startup/startup_stm32f411retx.o
 .debug_aranges
                0x0000000000000488       0xf0 Drivers/STM32F4xx_HAL_Driver/Src/stm32f4xx_hal.o
 .debug_aranges
                0x0000000000000578      0x118 Drivers/STM32F4xx_HAL_Driver/Src/stm32f4xx_hal_cortex.o
 .debug_aranges
                0x0000000000000690       0x90 Drivers/STM32F4xx_HAL_Driver/Src/stm32f4xx_hal_dma.o
 .debug_aranges
                0x0000000000000720       0x58 Drivers/STM32F4xx_HAL_Driver/Src/stm32f4xx_hal_gpio.o
 .debug_aranges
                0x0000000000000778       0x88 Drivers/STM32F4xx_HAL_Driver/Src/stm32f4xx_hal_rcc.o
 .debug_aranges
                0x0000000000000800      0x3a8 Drivers/STM32F4xx_HAL_Driver/Src/stm32f4xx_hal_tim.o
 .debug_aranges
                0x0000000000000ba8      0x150 Drivers/STM32F4xx_HAL_Driver/Src/stm32f4xx_hal_tim_ex.o
 .debug_aranges
                0x0000000000000cf8      0x1d0 Drivers/STM32F4xx_HAL_Driver/Src/stm32f4xx_hal_uart.o

.debug_ranges   0x0000000000000000      0xdd8
 .debug_ranges  0x0000000000000000       0x28 Core/Inc/time.o
 .debug_ranges  0x0000000000000028       0x48 Core/Src/main.o
 .debug_ranges  0x0000000000000070      0x208 Core/Src/mainpp.o
 .debug_ranges  0x0000000000000278       0x58 Core/Src/stm32f4xx_hal_msp.o
 .debug_ranges  0x00000000000002d0       0x68 Core/Src/stm32f4xx_it.o
 .debug_ranges  0x0000000000000338       0x98 Core/Src/syscalls.o
 .debug_ranges  0x00000000000003d0       0x10 Core/Src/sysmem.o
 .debug_ranges  0x00000000000003e0       0x18 Core/Src/system_stm32f4xx.o
 .debug_ranges  0x00000000000003f8       0x20 Core/Startup/startup_stm32f411retx.o
 .debug_ranges  0x0000000000000418       0xe0 Drivers/STM32F4xx_HAL_Driver/Src/stm32f4xx_hal.o
 .debug_ranges  0x00000000000004f8      0x108 Drivers/STM32F4xx_HAL_Driver/Src/stm32f4xx_hal_cortex.o
 .debug_ranges  0x0000000000000600       0x80 Drivers/STM32F4xx_HAL_Driver/Src/stm32f4xx_hal_dma.o
 .debug_ranges  0x0000000000000680       0x48 Drivers/STM32F4xx_HAL_Driver/Src/stm32f4xx_hal_gpio.o
 .debug_ranges  0x00000000000006c8       0x78 Drivers/STM32F4xx_HAL_Driver/Src/stm32f4xx_hal_rcc.o
 .debug_ranges  0x0000000000000740      0x398 Drivers/STM32F4xx_HAL_Driver/Src/stm32f4xx_hal_tim.o
 .debug_ranges  0x0000000000000ad8      0x140 Drivers/STM32F4xx_HAL_Driver/Src/stm32f4xx_hal_tim_ex.o
 .debug_ranges  0x0000000000000c18      0x1c0 Drivers/STM32F4xx_HAL_Driver/Src/stm32f4xx_hal_uart.o

.debug_macro    0x0000000000000000    0x182f6
 .debug_macro   0x0000000000000000      0x1b4 Core/Inc/time.o
 .debug_macro   0x00000000000001b4      0x1e7 Core/Src/main.o
 .debug_macro   0x000000000000039b      0xa5a Core/Src/main.o
 .debug_macro   0x0000000000000df5      0x294 Core/Src/main.o
 .debug_macro   0x0000000000001089       0x2e Core/Src/main.o
 .debug_macro   0x00000000000010b7       0x28 Core/Src/main.o
 .debug_macro   0x00000000000010df       0x8e Core/Src/main.o
 .debug_macro   0x000000000000116d       0x51 Core/Src/main.o
 .debug_macro   0x00000000000011be       0x1c Core/Src/main.o
 .debug_macro   0x00000000000011da       0x22 Core/Src/main.o
 .debug_macro   0x00000000000011fc       0xdf Core/Src/main.o
 .debug_macro   0x00000000000012db     0x102d Core/Src/main.o
 .debug_macro   0x0000000000002308      0x11f Core/Src/main.o
 .debug_macro   0x0000000000002427     0xb937 Core/Src/main.o
 .debug_macro   0x000000000000dd5e       0x43 Core/Src/main.o
 .debug_macro   0x000000000000dda1     0x3659 Core/Src/main.o
 .debug_macro   0x00000000000113fa      0x174 Core/Src/main.o
 .debug_macro   0x000000000001156e       0x5a Core/Src/main.o
 .debug_macro   0x00000000000115c8      0x447 Core/Src/main.o
 .debug_macro   0x0000000000011a0f      0x9fe Core/Src/main.o
 .debug_macro   0x000000000001240d      0x117 Core/Src/main.o
 .debug_macro   0x0000000000012524      0x11b Core/Src/main.o
 .debug_macro   0x000000000001263f       0x27 Core/Src/main.o
 .debug_macro   0x0000000000012666      0x15f Core/Src/main.o
 .debug_macro   0x00000000000127c5      0x287 Core/Src/main.o
 .debug_macro   0x0000000000012a4c       0x5f Core/Src/main.o
 .debug_macro   0x0000000000012aab      0x236 Core/Src/main.o
 .debug_macro   0x0000000000012ce1      0x132 Core/Src/main.o
 .debug_macro   0x0000000000012e13      0x264 Core/Src/main.o
 .debug_macro   0x0000000000013077       0x2e Core/Src/main.o
 .debug_macro   0x00000000000130a5      0x11a Core/Src/main.o
 .debug_macro   0x00000000000131bf       0x85 Core/Src/main.o
 .debug_macro   0x0000000000013244       0x89 Core/Src/main.o
 .debug_macro   0x00000000000132cd      0x8a0 Core/Src/main.o
 .debug_macro   0x0000000000013b6d       0x47 Core/Src/main.o
 .debug_macro   0x0000000000013bb4      0x287 Core/Src/main.o
 .debug_macro   0x0000000000013e3b      0x126 Core/Src/main.o
 .debug_macro   0x0000000000013f61       0x8e Core/Src/main.o
 .debug_macro   0x0000000000013fef      0x40c Core/Src/mainpp.o
 .debug_macro   0x00000000000143fb       0x46 Core/Src/mainpp.o
 .debug_macro   0x0000000000014441       0x10 Core/Src/mainpp.o
 .debug_macro   0x0000000000014451       0x20 Core/Src/mainpp.o
 .debug_macro   0x0000000000014471       0x10 Core/Src/mainpp.o
 .debug_macro   0x0000000000014481       0x1c Core/Src/mainpp.o
 .debug_macro   0x000000000001449d       0xde Core/Src/mainpp.o
 .debug_macro   0x000000000001457b      0x3cd Core/Src/mainpp.o
 .debug_macro   0x0000000000014948       0x10 Core/Src/mainpp.o
 .debug_macro   0x0000000000014958       0xd9 Core/Src/mainpp.o
 .debug_macro   0x0000000000014a31     0x102d Core/Src/mainpp.o
 .debug_macro   0x0000000000015a5e       0x54 Core/Src/mainpp.o
 .debug_macro   0x0000000000015ab2      0x1dd Core/Src/stm32f4xx_hal_msp.o
 .debug_macro   0x0000000000015c8f       0x5e Core/Src/stm32f4xx_hal_msp.o
 .debug_macro   0x0000000000015ced      0x1e7 Core/Src/stm32f4xx_it.o
 .debug_macro   0x0000000000015ed4      0x243 Core/Src/syscalls.o
 .debug_macro   0x0000000000016117       0x34 Core/Src/syscalls.o
 .debug_macro   0x000000000001614b      0x330 Core/Src/syscalls.o
 .debug_macro   0x000000000001647b       0x43 Core/Src/syscalls.o
 .debug_macro   0x00000000000164be       0x10 Core/Src/syscalls.o
 .debug_macro   0x00000000000164ce       0x35 Core/Src/syscalls.o
 .debug_macro   0x0000000000016503       0x10 Core/Src/syscalls.o
 .debug_macro   0x0000000000016513       0x10 Core/Src/syscalls.o
 .debug_macro   0x0000000000016523       0x10 Core/Src/syscalls.o
 .debug_macro   0x0000000000016533       0x1c Core/Src/syscalls.o
 .debug_macro   0x000000000001654f       0x52 Core/Src/syscalls.o
 .debug_macro   0x00000000000165a1       0x40 Core/Src/syscalls.o
 .debug_macro   0x00000000000165e1       0x10 Core/Src/syscalls.o
 .debug_macro   0x00000000000165f1       0x40 Core/Src/syscalls.o
 .debug_macro   0x0000000000016631       0xd7 Core/Src/syscalls.o
 .debug_macro   0x0000000000016708       0x1c Core/Src/syscalls.o
 .debug_macro   0x0000000000016724       0x3d Core/Src/syscalls.o
 .debug_macro   0x0000000000016761       0x35 Core/Src/syscalls.o
 .debug_macro   0x0000000000016796      0x122 Core/Src/syscalls.o
 .debug_macro   0x00000000000168b8       0x10 Core/Src/syscalls.o
 .debug_macro   0x00000000000168c8      0x241 Core/Src/syscalls.o
 .debug_macro   0x0000000000016b09       0x1c Core/Src/syscalls.o
 .debug_macro   0x0000000000016b25       0x10 Core/Src/syscalls.o
 .debug_macro   0x0000000000016b35       0x10 Core/Src/syscalls.o
 .debug_macro   0x0000000000016b45       0x16 Core/Src/syscalls.o
 .debug_macro   0x0000000000016b5b      0x145 Core/Src/syscalls.o
 .debug_macro   0x0000000000016ca0      0x189 Core/Src/syscalls.o
 .debug_macro   0x0000000000016e29       0x16 Core/Src/syscalls.o
 .debug_macro   0x0000000000016e3f       0x88 Core/Src/syscalls.o
 .debug_macro   0x0000000000016ec7       0xee Core/Src/sysmem.o
 .debug_macro   0x0000000000016fb5      0x23b Core/Src/sysmem.o
 .debug_macro   0x00000000000171f0      0x1d4 Core/Src/system_stm32f4xx.o
 .debug_macro   0x00000000000173c4      0x22e Drivers/STM32F4xx_HAL_Driver/Src/stm32f4xx_hal.o
 .debug_macro   0x00000000000175f2      0x1ce Drivers/STM32F4xx_HAL_Driver/Src/stm32f4xx_hal_cortex.o
 .debug_macro   0x00000000000177c0      0x1d4 Drivers/STM32F4xx_HAL_Driver/Src/stm32f4xx_hal_dma.o
 .debug_macro   0x0000000000017994      0x204 Drivers/STM32F4xx_HAL_Driver/Src/stm32f4xx_hal_gpio.o
 .debug_macro   0x0000000000017b98      0x1f2 Drivers/STM32F4xx_HAL_Driver/Src/stm32f4xx_hal_rcc.o
 .debug_macro   0x0000000000017d8a      0x1cf Drivers/STM32F4xx_HAL_Driver/Src/stm32f4xx_hal_tim.o
 .debug_macro   0x0000000000017f59      0x1ce Drivers/STM32F4xx_HAL_Driver/Src/stm32f4xx_hal_tim_ex.o
 .debug_macro   0x0000000000018127      0x1cf Drivers/STM32F4xx_HAL_Driver/Src/stm32f4xx_hal_uart.o

.debug_line     0x0000000000000000     0xa874
 .debug_line    0x0000000000000000      0x894 Core/Inc/time.o
 .debug_line    0x0000000000000894      0x7ba Core/Src/main.o
 .debug_line    0x000000000000104e     0x158d Core/Src/mainpp.o
 .debug_line    0x00000000000025db      0x767 Core/Src/stm32f4xx_hal_msp.o
 .debug_line    0x0000000000002d42      0x777 Core/Src/stm32f4xx_it.o
 .debug_line    0x00000000000034b9      0x711 Core/Src/syscalls.o
 .debug_line    0x0000000000003bca      0x49a Core/Src/sysmem.o
 .debug_line    0x0000000000004064      0x6b8 Core/Src/system_stm32f4xx.o
 .debug_line    0x000000000000471c       0x85 Core/Startup/startup_stm32f411retx.o
 .debug_line    0x00000000000047a1      0x8a2 Drivers/STM32F4xx_HAL_Driver/Src/stm32f4xx_hal.o
 .debug_line    0x0000000000005043      0x9c6 Drivers/STM32F4xx_HAL_Driver/Src/stm32f4xx_hal_cortex.o
 .debug_line    0x0000000000005a09      0x970 Drivers/STM32F4xx_HAL_Driver/Src/stm32f4xx_hal_dma.o
 .debug_line    0x0000000000006379      0x845 Drivers/STM32F4xx_HAL_Driver/Src/stm32f4xx_hal_gpio.o
 .debug_line    0x0000000000006bbe      0x8fa Drivers/STM32F4xx_HAL_Driver/Src/stm32f4xx_hal_rcc.o
 .debug_line    0x00000000000074b8     0x175f Drivers/STM32F4xx_HAL_Driver/Src/stm32f4xx_hal_tim.o
 .debug_line    0x0000000000008c17      0xcad Drivers/STM32F4xx_HAL_Driver/Src/stm32f4xx_hal_tim_ex.o
 .debug_line    0x00000000000098c4      0xfb0 Drivers/STM32F4xx_HAL_Driver/Src/stm32f4xx_hal_uart.o

.debug_str      0x0000000000000000    0x92a5c
 .debug_str     0x0000000000000000     0x97e6 Core/Inc/time.o
                                       0x9b53 (size before relaxing)
 .debug_str     0x00000000000097e6    0x826be Core/Src/main.o
                                      0x8667c (size before relaxing)
 .debug_str     0x000000000008bea4     0x1f1b Core/Src/mainpp.o
                                      0x8d7f1 (size before relaxing)
 .debug_str     0x000000000008ddbf      0x111 Core/Src/stm32f4xx_hal_msp.o
                                      0x862ee (size before relaxing)
 .debug_str     0x000000000008ded0       0xfd Core/Src/stm32f4xx_it.o
                                      0x85dce (size before relaxing)
 .debug_str     0x000000000008dfcd     0x233d Core/Src/syscalls.o
                                       0x8896 (size before relaxing)
 .debug_str     0x000000000009030a       0x6b Core/Src/sysmem.o
                                       0x5f64 (size before relaxing)
 .debug_str     0x0000000000090375       0xc4 Core/Src/system_stm32f4xx.o
                                      0x85760 (size before relaxing)
 .debug_str     0x0000000000090439       0x36 Core/Startup/startup_stm32f411retx.o
                                         0x71 (size before relaxing)
 .debug_str     0x000000000009046f      0x588 Drivers/STM32F4xx_HAL_Driver/Src/stm32f4xx_hal.o
                                      0x860d5 (size before relaxing)
 .debug_str     0x00000000000909f7      0x390 Drivers/STM32F4xx_HAL_Driver/Src/stm32f4xx_hal_cortex.o
                                      0x85eb2 (size before relaxing)
 .debug_str     0x0000000000090d87      0x31d Drivers/STM32F4xx_HAL_Driver/Src/stm32f4xx_hal_dma.o
                                      0x85b63 (size before relaxing)
 .debug_str     0x00000000000910a4      0x20c Drivers/STM32F4xx_HAL_Driver/Src/stm32f4xx_hal_gpio.o
                                      0x8599f (size before relaxing)
 .debug_str     0x00000000000912b0      0x259 Drivers/STM32F4xx_HAL_Driver/Src/stm32f4xx_hal_rcc.o
                                      0x85b4d (size before relaxing)
 .debug_str     0x0000000000091509      0xbcb Drivers/STM32F4xx_HAL_Driver/Src/stm32f4xx_hal_tim.o
                                      0x8685a (size before relaxing)
 .debug_str     0x00000000000920d4      0x4a2 Drivers/STM32F4xx_HAL_Driver/Src/stm32f4xx_hal_tim_ex.o
                                      0x8605a (size before relaxing)
 .debug_str     0x0000000000092576      0x4e6 Drivers/STM32F4xx_HAL_Driver/Src/stm32f4xx_hal_uart.o
                                      0x85f9a (size before relaxing)

.comment        0x0000000000000000       0x7b
 .comment       0x0000000000000000       0x7b Core/Inc/time.o
                                         0x7c (size before relaxing)
 .comment       0x000000000000007b       0x7c Core/Src/main.o
 .comment       0x000000000000007b       0x7c Core/Src/mainpp.o
 .comment       0x000000000000007b       0x7c Core/Src/stm32f4xx_hal_msp.o
 .comment       0x000000000000007b       0x7c Core/Src/stm32f4xx_it.o
 .comment       0x000000000000007b       0x7c Core/Src/syscalls.o
 .comment       0x000000000000007b       0x7c Core/Src/sysmem.o
 .comment       0x000000000000007b       0x7c Core/Src/system_stm32f4xx.o
 .comment       0x000000000000007b       0x7c Drivers/STM32F4xx_HAL_Driver/Src/stm32f4xx_hal.o
 .comment       0x000000000000007b       0x7c Drivers/STM32F4xx_HAL_Driver/Src/stm32f4xx_hal_cortex.o
 .comment       0x000000000000007b       0x7c Drivers/STM32F4xx_HAL_Driver/Src/stm32f4xx_hal_dma.o
 .comment       0x000000000000007b       0x7c Drivers/STM32F4xx_HAL_Driver/Src/stm32f4xx_hal_gpio.o
 .comment       0x000000000000007b       0x7c Drivers/STM32F4xx_HAL_Driver/Src/stm32f4xx_hal_rcc.o
 .comment       0x000000000000007b       0x7c Drivers/STM32F4xx_HAL_Driver/Src/stm32f4xx_hal_tim.o
 .comment       0x000000000000007b       0x7c Drivers/STM32F4xx_HAL_Driver/Src/stm32f4xx_hal_tim_ex.o
 .comment       0x000000000000007b       0x7c Drivers/STM32F4xx_HAL_Driver/Src/stm32f4xx_hal_uart.o

.debug_frame    0x0000000000000000     0x4210
 .debug_frame   0x0000000000000000       0xa4 Core/Inc/time.o
 .debug_frame   0x00000000000000a4      0x11c Core/Src/main.o
 .debug_frame   0x00000000000001c0      0x904 Core/Src/mainpp.o
 .debug_frame   0x0000000000000ac4      0x184 Core/Src/stm32f4xx_hal_msp.o
 .debug_frame   0x0000000000000c48      0x160 Core/Src/stm32f4xx_it.o
 .debug_frame   0x0000000000000da8      0x2ac Core/Src/syscalls.o
 .debug_frame   0x0000000000001054       0x34 Core/Src/sysmem.o
 .debug_frame   0x0000000000001088       0x58 Core/Src/system_stm32f4xx.o
 .debug_frame   0x00000000000010e0      0x374 Drivers/STM32F4xx_HAL_Driver/Src/stm32f4xx_hal.o
 .debug_frame   0x0000000000001454      0x498 Drivers/STM32F4xx_HAL_Driver/Src/stm32f4xx_hal_cortex.o
 .debug_frame   0x00000000000018ec      0x250 Drivers/STM32F4xx_HAL_Driver/Src/stm32f4xx_hal_dma.o
 .debug_frame   0x0000000000001b3c      0x14c Drivers/STM32F4xx_HAL_Driver/Src/stm32f4xx_hal_gpio.o
 .debug_frame   0x0000000000001c88      0x1f0 Drivers/STM32F4xx_HAL_Driver/Src/stm32f4xx_hal_rcc.o
 .debug_frame   0x0000000000001e78     0x10e8 Drivers/STM32F4xx_HAL_Driver/Src/stm32f4xx_hal_tim.o
 .debug_frame   0x0000000000002f60      0x5c0 Drivers/STM32F4xx_HAL_Driver/Src/stm32f4xx_hal_tim_ex.o
 .debug_frame   0x0000000000003520      0x844 Drivers/STM32F4xx_HAL_Driver/Src/stm32f4xx_hal_uart.o
 .debug_frame   0x0000000000003d64       0x40 c:/st/stm32cubeide_1.4.0/stm32cubeide/plugins/com.st.stm32cube.ide.mcu.externaltools.gnu-tools-for-stm32.7-2018-q2-update.win32_1.4.0.202007081208/tools/bin/../lib/gcc/arm-none-eabi/7.3.1/../../../../arm-none-eabi/lib/thumb/v7e-m/fpv4-sp/hard\libstdc++_nano.a(pure.o)
 .debug_frame   0x0000000000003da4       0xb0 c:/st/stm32cubeide_1.4.0/stm32cubeide/plugins/com.st.stm32cube.ide.mcu.externaltools.gnu-tools-for-stm32.7-2018-q2-update.win32_1.4.0.202007081208/tools/bin/../lib/gcc/arm-none-eabi/7.3.1/../../../../arm-none-eabi/lib/thumb/v7e-m/fpv4-sp/hard\libstdc++_nano.a(eh_terminate.o)
 .debug_frame   0x0000000000003e54       0x28 c:/st/stm32cubeide_1.4.0/stm32cubeide/plugins/com.st.stm32cube.ide.mcu.externaltools.gnu-tools-for-stm32.7-2018-q2-update.win32_1.4.0.202007081208/tools/bin/../lib/gcc/arm-none-eabi/7.3.1/../../../../arm-none-eabi/lib/thumb/v7e-m/fpv4-sp/hard\libc_nano.a(lib_a-abort.o)
 .debug_frame   0x0000000000003e7c       0x20 c:/st/stm32cubeide_1.4.0/stm32cubeide/plugins/com.st.stm32cube.ide.mcu.externaltools.gnu-tools-for-stm32.7-2018-q2-update.win32_1.4.0.202007081208/tools/bin/../lib/gcc/arm-none-eabi/7.3.1/../../../../arm-none-eabi/lib/thumb/v7e-m/fpv4-sp/hard\libc_nano.a(lib_a-errno.o)