19:09:17 **** Incremental Build of configuration Debug for project Nobita ****
make -j8 all 
arm-none-eabi-gcc "../Core/Src/main.c" -mcpu=cortex-m4 -std=gnu11 -g3 -DUSE_HAL_DRIVER -DSTM32F411xE -DDEBUG -c -I../Core/Inc -I../Drivers/STM32F4xx_HAL_Driver/Inc -I../Drivers/STM32F4xx_HAL_Driver/Inc/Legacy -I../Drivers/CMSIS/Device/ST/STM32F4xx/Include -I../Drivers/CMSIS/Include -O0 -ffunction-sections -fdata-sections -Wall -fstack-usage -MMD -MP -MF"Core/Src/main.d" -MT"Core/Src/main.o" --specs=nano.specs -mfpu=fpv4-sp-d16 -mfloat-abi=hard -mthumb -o "Core/Src/main.o"
../Core/Src/main.c: In function 'HAL_UART_RxCpltCallback':
../Core/Src/main.c:599:26: warning: pointer targets in passing argument 1 of 'sprintf' differ in signedness [-Wpointer-sign]
    MSG1_length = sprintf(MSG1,"Set Speed = %d\n", speed);
                          ^~~~
In file included from ../Core/Src/main.c:25:0:
c:\st\stm32cubeide_1.4.0\stm32cubeide\plugins\com.st.stm32cube.ide.mcu.externaltools.gnu-tools-for-stm32.7-2018-q2-update.win32_1.4.0.202007081208\tools\arm-none-eabi\include\stdio.h:244:5: note: expected 'char * restrict' but argument is of type 'uint8_t * {aka unsigned char *}'
 int sprintf (char *__restrict, const char *__restrict, ...)
     ^~~~~~~
../Core/Src/main.c: In function 'HAL_TIM_PeriodElapsedCallback':
../Core/Src/main.c:625:24: warning: pointer targets in passing argument 1 of 'sprintf' differ in signedness [-Wpointer-sign]
  MSG1_length = sprintf(MSG1,"Encoder = %d RPM = %.2f\n", encoder_value_l, rpm_value_l);
                        ^~~~
In file included from ../Core/Src/main.c:25:0:
c:\st\stm32cubeide_1.4.0\stm32cubeide\plugins\com.st.stm32cube.ide.mcu.externaltools.gnu-tools-for-stm32.7-2018-q2-update.win32_1.4.0.202007081208\tools\arm-none-eabi\include\stdio.h:244:5: note: expected 'char * restrict' but argument is of type 'uint8_t * {aka unsigned char *}'
 int sprintf (char *__restrict, const char *__restrict, ...)
     ^~~~~~~
../Core/Src/main.c:625:41: warning: format '%d' expects argument of type 'int', but argument 3 has type 'uint32_t {aka long unsigned int}' [-Wformat=]
  MSG1_length = sprintf(MSG1,"Encoder = %d RPM = %.2f\n", encoder_value_l, rpm_value_l);
                                        ~^
                                        %ld
../Core/Src/main.c:626:24: warning: pointer targets in passing argument 1 of 'sprintf' differ in signedness [-Wpointer-sign]
  MSG2_length = sprintf(MSG2,"Encoder = %d RPM = %.2f\n", encoder_value_r, rpm_value_r);
                        ^~~~
In file included from ../Core/Src/main.c:25:0:
c:\st\stm32cubeide_1.4.0\stm32cubeide\plugins\com.st.stm32cube.ide.mcu.externaltools.gnu-tools-for-stm32.7-2018-q2-update.win32_1.4.0.202007081208\tools\arm-none-eabi\include\stdio.h:244:5: note: expected 'char * restrict' but argument is of type 'uint8_t * {aka unsigned char *}'
 int sprintf (char *__restrict, const char *__restrict, ...)
     ^~~~~~~
../Core/Src/main.c:626:41: warning: format '%d' expects argument of type 'int', but argument 3 has type 'uint32_t {aka long unsigned int}' [-Wformat=]
  MSG2_length = sprintf(MSG2,"Encoder = %d RPM = %.2f\n", encoder_value_r, rpm_value_r);
                                        ~^
                                        %ld
arm-none-eabi-gcc -o "Nobita.elf" @"objects.list"   -mcpu=cortex-m4 -T"C:\Users\Thinkpad\STM32CubeIDE\workspace_1.4.0\Nobita\STM32F411RETX_FLASH.ld" --specs=nosys.specs -Wl,-Map="Nobita.map" -Wl,--gc-sections -static --specs=nano.specs -mfpu=fpv4-sp-d16 -mfloat-abi=hard -mthumb -u _printf_float -u _scanf_float -Wl,--start-group -lc -lm -Wl,--end-group
Finished building target: Nobita.elf
 
arm-none-eabi-objdump -h -S  Nobita.elf  > "Nobita.list"
arm-none-eabi-objcopy  -O binary  Nobita.elf  "Nobita.bin"
arm-none-eabi-size   Nobita.elf 
   text	   data	    bss	    dec	    hex	filename
  34500	    496	   2192	  37188	   9144	Nobita.elf
Finished building: default.size.stdout
 
Finished building: Nobita.bin
 
Finished building: Nobita.list
 

19:09:18 Build Finished. 0 errors, 5 warnings. (took 1s.61ms)

